******************************************************************************
       MSP430 Evaluation Linker PC v3.2.3                      
******************************************************************************
>> Linked Fri May 04 20:59:45 2012

OUTPUT FILE NAME:   <radio_example.out>
ENTRY POINT SYMBOL: "_c_int00"  address: 00009b7a


MEMORY CONFIGURATION

         name            origin    length      used     unused   attr    fill
----------------------  --------  ---------  --------  --------  ----  --------
  SFR                   00000000   00000010  00000000  00000010  RWIX
  PERIPHERALS_8BIT      00000010   000000f0  00000000  000000f0  RWIX
  PERIPHERALS_16BIT     00000100   00000100  00000000  00000100  RWIX
  RAM                   00000200   00000400  0000018a  00000276  RWIX
  INFOD                 00001000   00000040  00000000  00000040  RWIX
  INFOC                 00001040   00000040  00000000  00000040  RWIX
  INFOB                 00001080   00000040  00000000  00000040  RWIX
  INFOA                 000010c0   00000040  00000000  00000040  RWIX
  FLASH                 00008000   00007fde  0000214f  00005e8f  RWIX
  INT00                 0000ffe0   00000002  00000000  00000002  RWIX
  INT01                 0000ffe2   00000002  00000000  00000002  RWIX
  INT02                 0000ffe4   00000002  00000000  00000002  RWIX
  INT03                 0000ffe6   00000002  00000002  00000000  RWIX
  INT04                 0000ffe8   00000002  00000000  00000002  RWIX
  INT05                 0000ffea   00000002  00000000  00000002  RWIX
  INT06                 0000ffec   00000002  00000000  00000002  RWIX
  INT07                 0000ffee   00000002  00000002  00000000  RWIX
  INT08                 0000fff0   00000002  00000000  00000002  RWIX
  INT09                 0000fff2   00000002  00000002  00000000  RWIX
  INT10                 0000fff4   00000002  00000000  00000002  RWIX
  INT11                 0000fff6   00000002  00000000  00000002  RWIX
  INT12                 0000fff8   00000002  00000000  00000002  RWIX
  INT13                 0000fffa   00000002  00000002  00000000  RWIX
  INT14                 0000fffc   00000002  00000000  00000002  RWIX
  RESET                 0000fffe   00000002  00000002  00000000  RWIX


SECTION ALLOCATION MAP

 output                                  attributes/
section   page    origin      length       input sections
--------  ----  ----------  ----------   ----------------
.pinit     0    00008000    00000000     UNINITIALIZED

.sysmem    0    00000200    000000c8     UNINITIALIZED
                  00000200    00000004     rts430.lib : memory.obj (.sysmem)
                  00000204    000000c4     --HOLE--

.bss       0    000002c8    00000072     UNINITIALIZED
                  000002c8    0000002e     mrfi.obj (.bss)
                  000002f6    00000018     uart.obj (.bss)
                  0000030e    00000016     process.obj (.bss)
                  00000324    00000008     rts430.lib : memory.obj (.bss)
                  0000032c    00000004     radio.obj (.bss)
                  00000330    00000004     rts430.lib : _lock.obj (.bss)
                  00000334    00000004                : boot.obj (.bss)
                  00000338    00000002     3140.obj (.bss)

.stack     0    000005b0    00000050     UNINITIALIZED
                  000005b0    00000002     rts430.lib : boot.obj (.stack)
                  000005b2    0000004e     --HOLE--

.text      0    00008000    00001e32     
                  00008000    000003ce     process.obj (.text:process_select)
                  000083ce    0000022c     simple_receive_app.obj (.text:MRFI_RxCompleteISR)
                  000085fa    00000200     mrfi.obj (.text:MRFI_Init)
                  000087fa    000001a2     interface.obj (.text:interface_loop)
                  0000899c    0000011e     mrfi.obj (.text:MRFI_Transmit)
                  00008aba    00000116     rts430.lib : _printfi_min.obj (.text:_setfield)
                  00008bd0    000000fe     process.obj (.text:TBC_ISR)
                  00008cce    000000ea     mrfi.obj (.text:Mrfi_SyncPinRxIsr)
                  00008db8    000000e8     uart.obj (.text:USCI0RX_ISR)
                  00008ea0    000000ca     rts430.lib : _printfi_min.obj (.text:_printfi_minimal)
                  00008f6a    000000ac     mrfi.obj (.text:spiBurstFifoAccess)
                  00009016    000000a8     rts430.lib : memory.obj (.text:malloc)
                  000090be    000000a2     simple_send_app.obj (.text:send_message)
                  00009160    0000009a     uart.obj (.text:init_uart)
                  000091fa    00000080     rts430.lib : memory.obj (.text:free)
                  0000927a    00000070     mrfi.obj (.text:MRFI_RxAddrIsFiltered)
                  000092ea    0000006e     rts430.lib : lsr32.obj (.text)
                  00009358    0000006a                : _printfi_min.obj (.text:_ltostr)
                  000093c2    0000005e     mrfi.obj (.text:spiRegAccess)
                  00009420    0000005c     3140.obj (.text)
                  0000947c    0000005c     mrfi.obj (.text:mrfiSpiCmdStrobe)
                  000094d8    00000058     rts430.lib : _printfi_min.obj (.text:_pproc_diouxp)
                  00009530    00000058                : div32u.obj (.text)
                  00009588    00000054     mrfi.obj (.text:MRFI_WakeUp)
                  000095dc    00000050     interface.obj (.text:main)
                  0000962c    0000004e     rts430.lib : asr32.obj (.text)
                  0000967a    0000004c     mrfi.obj (.text:Mrfi_CalculateRssi)
                  000096c6    0000004c     rts430.lib : lsr16.obj (.text)
                  00009712    00000046                : autoinit.obj (.text:_auto_init)
                  00009758    00000046                : _printfi_min.obj (.text:_pproc_str)
                  0000979e    00000044                : _printfi_min.obj (.text:_getarg_diouxp)
                  000097e2    00000042     mrfi.obj (.text:MRFI_SetRxAddrFilter)
                  00009824    00000040     mrfi.obj (.text:Mrfi_DelayUsec)
                  00009864    0000003e     simple_receive_app.obj (.text:receive_message)
                  000098a2    0000003a     rts430.lib : memory.obj (.text:minit)
                  000098dc    00000038                : sprintf.obj (.text:sprintf)
                  00009914    00000036     mrfi.obj (.text:MRFI_SetRFPwr)
                  0000994a    00000034     mrfi.obj (.text:MRFI_SetLogicalChannel)
                  0000997e    00000034     rts430.lib : _printfi_min.obj (.text:_div)
                  000099b2    00000034     mrfi.obj (.text:mrfiSpiInit)
                  000099e6    00000034     interface.obj (.text:sleep)
                  00009a1a    00000030     bsp.obj (.text:BSP_Init)
                  00009a4a    00000030     uart.obj (.text:uart_puts)
                  00009a7a    0000002c     mrfi.obj (.text:Mrfi_RandomBackoffDelay)
                  00009aa6    0000002c     mrfi.obj (.text:Mrfi_RxModeOff)
                  00009ad2    0000002c     mrfi.obj (.text:mrfiSpiWriteReg)
                  00009afe    0000002c     rts430.lib : div16s.obj (.text)
                  00009b2a    00000028     bsp.obj (.text:BSP_Delay)
                  00009b52    00000028     rts430.lib : memccpy.obj (.text:memccpy)
                  00009b7a    00000026                : boot.obj (.text:_c_int00_noexit)
                  00009ba0    00000026     mrfi.obj (.text:mrfiSpiReadReg)
                  00009bc6    00000026     rts430.lib : mult32.obj (.text)
                  00009bec    00000022     uart.obj (.text:uart_clear_screen)
                  00009c0e    00000020     mrfi.obj (.text:MRFI_EnableRxAddrFilter)
                  00009c2e    00000020     mrfi.obj (.text:MRFI_RxOn)
                  00009c4e    0000001e     mrfi.obj (.text:mrfiSpiWriteTxFifo)
                  00009c6c    0000001c     bsp.obj (.text:BSP_InitBoard)
                  00009c88    0000001c     mrfi.obj (.text:MRFI_GpioIsr)
                  00009ca4    0000001c     mrfi.obj (.text:mrfiSpiReadRxFifo)
                  00009cc0    0000001a     mrfi.obj (.text:BSP_GpioPort1Isr)
                  00009cda    0000001a     rts430.lib : sprintf.obj (.text:_outs)
                  00009cf4    00000018                : strcmp.obj (.text:strcmp)
                  00009d0c    00000016     mrfi.obj (.text:MRFI_RandomByte)
                  00009d22    00000016     mrfi.obj (.text:MRFI_Receive)
                  00009d38    00000016     mrfi.obj (.text:Mrfi_RxModeOn)
                  00009d4e    00000016     rts430.lib : div16u.obj (.text)
                  00009d64    00000016                : strcpy.obj (.text:strcpy)
                  00009d7a    00000014                : memset.obj (.text:memset)
                  00009d8e    00000014                : mult16.obj (.text)
                  00009da2    00000014     uart.obj (.text:uart_putc)
                  00009db6    00000012     bsp.obj (.text:BSP_InitLeds)
                  00009dc8    00000012     rts430.lib : sprintf.obj (.text:_outc)
                  00009dda    00000012                : memcpy.obj (.text:memcpy)
                  00009dec    00000012                : strlen.obj (.text:strlen)
                  00009dfe    00000010                : epilog.obj (.text)
                  00009e0e    0000000a     bsp.obj (.text:BSP_InitButtons)
                  00009e18    0000000a     bsp.obj (.text:BSP_InitDrivers)
                  00009e22    0000000a     bsp.obj (.text:_system_pre_init)
                  00009e2c    00000004     rts430.lib : exit.obj (.text:abort)
                  00009e30    00000002                : _lock.obj (.text:_nop)

.const     0    00009e32    000002a3     
                  00009e32    000000d6     interface.obj (.const:.string)
                  00009f08    000000d2     uart.obj (.const:.string)
                  00009fda    0000009c     simple_receive_app.obj (.const:.string)
                  0000a076    0000003c     mrfi.obj (.const:mrfiRadioCfg)
                  0000a0b2    00000014     rts430.lib : _printfi_min.obj (.const:.string)
                  0000a0c6    00000004     simple_receive_app.obj (.const:$P$T0$1)
                  0000a0ca    00000004     mrfi.obj (.const:mrfiBroadcastAddr)
                  0000a0ce    00000004     mrfi.obj (.const:mrfiLogicalChanTable)
                  0000a0d2    00000003     mrfi.obj (.const:mrfiRFPowerTable)

.cinit     0    0000a0d6    0000007a     
                  0000a0d6    00000036     process.obj (.cinit)
                  0000a10c    0000002f     mrfi.obj (.cinit)
                  0000a13b    00000001     --HOLE-- [fill = 0]
                  0000a13c    00000006     radio.obj (.cinit)
                  0000a142    00000006     rts430.lib : memory.obj (.cinit)
                  0000a148    00000006     uart.obj (.cinit)
                  0000a14e    00000002     --HOLE-- [fill = 0]

.int03     0    0000ffe6    00000002     
                  0000ffe6    00000002     mrfi.obj (.int03)

.int07     0    0000ffee    00000002     
                  0000ffee    00000002     uart.obj (.int07)

.int09     0    0000fff2    00000002     
                  0000fff2    00000002     3140.obj (.int09)

.int13     0    0000fffa    00000002     
                  0000fffa    00000002     process.obj (.int13)

.reset     0    0000fffe    00000002     
                  0000fffe    00000002     rts430.lib : boot.obj (.reset)


GLOBAL SYMBOLS: SORTED ALPHABETICALLY BY Name 

address    name
--------   ----
000002c8   .bss
00008000   .text
0000004a   ADC10AE0
0000004b   ADC10AE1
000001b0   ADC10CTL0
000001b2   ADC10CTL1
00000048   ADC10DTC0
00000049   ADC10DTC1
000001b4   ADC10MEM
000001bc   ADC10SA
00000057   BCSCTL1
00000058   BCSCTL2
00000053   BCSCTL3
00009b2a   BSP_Delay
00009cc0   BSP_GpioPort1Isr
00009a1a   BSP_Init
00009c6c   BSP_InitBoard
00009e0e   BSP_InitButtons
00009e18   BSP_InitDrivers
00009db6   BSP_InitLeds
00009e2c   C$$EXIT
000010fb   CALBC1_12MHZ
000010f9   CALBC1_16MHZ
000010ff   CALBC1_1MHZ
000010fd   CALBC1_8MHZ
000010fa   CALDCO_12MHZ
000010f8   CALDCO_16MHZ
000010fe   CALDCO_1MHZ
000010fc   CALDCO_8MHZ
00000056   DCOCTL
00000128   FCTL1
0000012a   FCTL2
0000012c   FCTL3
00000000   IE1
00000001   IE2
00000002   IFG1
00000003   IFG2
000096c6   I_LSR
0000970c   I_LSR_1
000096e8   I_LSR_10
000096e4   I_LSR_11
000096e0   I_LSR_12
000096dc   I_LSR_13
000096d8   I_LSR_14
000096d4   I_LSR_15
00009708   I_LSR_2
00009704   I_LSR_3
00009700   I_LSR_4
000096fc   I_LSR_5
000096f8   I_LSR_6
000096f4   I_LSR_7
000096f0   I_LSR_8
000096ec   I_LSR_9
0000962c   L_ASR
00009674   L_ASR_1
00009650   L_ASR_10
0000964c   L_ASR_11
00009648   L_ASR_12
00009644   L_ASR_13
00009640   L_ASR_14
0000963c   L_ASR_15
00009670   L_ASR_2
0000966c   L_ASR_3
00009668   L_ASR_4
00009664   L_ASR_5
00009660   L_ASR_6
0000965c   L_ASR_7
00009658   L_ASR_8
00009654   L_ASR_9
000092ea   L_LSR
00009350   L_LSR_1
0000931a   L_LSR_10
00009314   L_LSR_11
0000930e   L_LSR_12
00009308   L_LSR_13
00009302   L_LSR_14
000092fc   L_LSR_15
0000934a   L_LSR_2
00009344   L_LSR_3
0000933e   L_LSR_4
00009338   L_LSR_5
00009332   L_LSR_6
0000932c   L_LSR_7
00009326   L_LSR_8
00009320   L_LSR_9
00009c0e   MRFI_EnableRxAddrFilter
00009c88   MRFI_GpioIsr
000085fa   MRFI_Init
00009d0c   MRFI_RandomByte
00009d22   MRFI_Receive
0000927a   MRFI_RxAddrIsFiltered
000083ce   MRFI_RxCompleteISR
00009c2e   MRFI_RxOn
0000994a   MRFI_SetLogicalChannel
00009914   MRFI_SetRFPwr
000097e2   MRFI_SetRxAddrFilter
0000899c   MRFI_Transmit
00009588   MRFI_WakeUp
000000c0   OA0CTL0
000000c1   OA0CTL1
000000c2   OA1CTL0
000000c3   OA1CTL1
00000022   P1DIR
00000025   P1IE
00000024   P1IES
00000023   P1IFG
00000020   P1IN
00000021   P1OUT
00000027   P1REN
00000026   P1SEL
0000002a   P2DIR
0000002d   P2IE
0000002c   P2IES
0000002b   P2IFG
00000028   P2IN
00000029   P2OUT
0000002f   P2REN
0000002e   P2SEL
0000001a   P3DIR
00000018   P3IN
00000019   P3OUT
00000010   P3REN
0000001b   P3SEL
0000001e   P4DIR
0000001c   P4IN
0000001d   P4OUT
00000011   P4REN
0000001f   P4SEL
00000172   TACCR0
00000174   TACCR1
00000176   TACCR2
00000162   TACCTL0
00000164   TACCTL1
00000166   TACCTL2
00000160   TACTL
0000012e   TAIV
00000170   TAR
00000192   TBCCR0
00000194   TBCCR1
00000196   TBCCR2
00000182   TBCCTL0
00000184   TBCCTL1
00000186   TBCCTL2
00000180   TBCTL
00008bd0   TBC_ISR
0000011e   TBIV
00000190   TBR
0000005d   UCA0ABCTL
00000062   UCA0BR0
00000063   UCA0BR1
00000060   UCA0CTL0
00000061   UCA0CTL1
0000005f   UCA0IRRCTL
0000005e   UCA0IRTCTL
00000064   UCA0MCTL
00000066   UCA0RXBUF
00000065   UCA0STAT
00000067   UCA0TXBUF
0000006a   UCB0BR0
0000006b   UCB0BR1
00000068   UCB0CTL0
00000069   UCB0CTL1
0000006c   UCB0I2CIE
00000118   UCB0I2COA
0000011a   UCB0I2CSA
0000006e   UCB0RXBUF
0000006d   UCB0STAT
0000006f   UCB0TXBUF
00008db8   USCI0RX_ISR
00000120   WDTCTL
00000600   __STACK_END
00000050   __STACK_SIZE
000000c8   __SYSMEM_SIZE
00000001   __TI_args_main
00000001   __TI_auto_init
00000001   __TI_exit
ffffffff   __binit__
000002c8   __bss__
ffffffff   __c_args__
0000a0d6   __cinit__
00009afe   __divi
00009d4e   __divu
00009530   __divul
0000033a   __end__
00009e32   __etext__
00009d8e   __mpyi
00009bc6   __mpyl
ffffffff   __pinit__
00009afe   __remi
00009d4e   __remu
00009530   __remul
00008000   __text__
00009712   _auto_init
00009b7a   _c_int00
00009b7a   _c_int00_noexit
00000334   _cleanup_ptr
00000336   _dtors_ptr
00000330   _lock
00009e30   _nop
00008ea0   _printfi_minimal
0000fffe   _reset_vector
000005b0   _stack
00000200   _sys_memory
00009e22   _system_pre_init
00000332   _unlock
00009e2c   abort
00000320   add_realtime
ffffffff   binit
0000a0d6   cinit
0000030e   current_process
00000318   current_time
0000033a   end
00009e32   etext
000091fa   free
00009e0a   func_epilog_1
00009e08   func_epilog_2
00009e06   func_epilog_3
00009e04   func_epilog_4
00009e02   func_epilog_5
00009e00   func_epilog_6
00009dfe   func_epilog_7
00000310   head
00000312   holder
000002f6   index
00009160   init_uart
000087fa   interface_loop
0000032c   l
000095dc   main
00009016   malloc
00009b52   memccpy
00009dda   memcpy
00009d7a   memset
000098a2   minit
0000a0ca   mrfiBroadcastAddr
0000947c   mrfiSpiCmdStrobe
000099b2   mrfiSpiInit
00009ba0   mrfiSpiReadReg
00009ca4   mrfiSpiReadRxFifo
00009ad2   mrfiSpiWriteReg
00009c4e   mrfiSpiWriteTxFifo
0000032e   my_msp430_ptr
000002f8   out
ffffffff   pinit
00009426   process_begin
00009430   process_blocked
00000322   process_deadline_miss
00008000   process_select
00009420   process_terminated
0000031c   realtime_current
0000031e   realtime_queue
00009864   receive_message
0000030c   root
000090be   send_message
000099e6   sleep
000098dc   sprintf
00009cf4   strcmp
00009d64   strcpy
00009dec   strlen
00009bec   uart_clear_screen
00009da2   uart_putc
00009a4a   uart_puts
00000316   waiter_curr
00000314   waiter_first


GLOBAL SYMBOLS: SORTED BY Symbol Address 

address    name
--------   ----
00000000   IE1
00000001   IE2
00000001   __TI_args_main
00000001   __TI_auto_init
00000001   __TI_exit
00000002   IFG1
00000003   IFG2
00000010   P3REN
00000011   P4REN
00000018   P3IN
00000019   P3OUT
0000001a   P3DIR
0000001b   P3SEL
0000001c   P4IN
0000001d   P4OUT
0000001e   P4DIR
0000001f   P4SEL
00000020   P1IN
00000021   P1OUT
00000022   P1DIR
00000023   P1IFG
00000024   P1IES
00000025   P1IE
00000026   P1SEL
00000027   P1REN
00000028   P2IN
00000029   P2OUT
0000002a   P2DIR
0000002b   P2IFG
0000002c   P2IES
0000002d   P2IE
0000002e   P2SEL
0000002f   P2REN
00000048   ADC10DTC0
00000049   ADC10DTC1
0000004a   ADC10AE0
0000004b   ADC10AE1
00000050   __STACK_SIZE
00000053   BCSCTL3
00000056   DCOCTL
00000057   BCSCTL1
00000058   BCSCTL2
0000005d   UCA0ABCTL
0000005e   UCA0IRTCTL
0000005f   UCA0IRRCTL
00000060   UCA0CTL0
00000061   UCA0CTL1
00000062   UCA0BR0
00000063   UCA0BR1
00000064   UCA0MCTL
00000065   UCA0STAT
00000066   UCA0RXBUF
00000067   UCA0TXBUF
00000068   UCB0CTL0
00000069   UCB0CTL1
0000006a   UCB0BR0
0000006b   UCB0BR1
0000006c   UCB0I2CIE
0000006d   UCB0STAT
0000006e   UCB0RXBUF
0000006f   UCB0TXBUF
000000c0   OA0CTL0
000000c1   OA0CTL1
000000c2   OA1CTL0
000000c3   OA1CTL1
000000c8   __SYSMEM_SIZE
00000118   UCB0I2COA
0000011a   UCB0I2CSA
0000011e   TBIV
00000120   WDTCTL
00000128   FCTL1
0000012a   FCTL2
0000012c   FCTL3
0000012e   TAIV
00000160   TACTL
00000162   TACCTL0
00000164   TACCTL1
00000166   TACCTL2
00000170   TAR
00000172   TACCR0
00000174   TACCR1
00000176   TACCR2
00000180   TBCTL
00000182   TBCCTL0
00000184   TBCCTL1
00000186   TBCCTL2
00000190   TBR
00000192   TBCCR0
00000194   TBCCR1
00000196   TBCCR2
000001b0   ADC10CTL0
000001b2   ADC10CTL1
000001b4   ADC10MEM
000001bc   ADC10SA
00000200   _sys_memory
000002c8   .bss
000002c8   __bss__
000002f6   index
000002f8   out
0000030c   root
0000030e   current_process
00000310   head
00000312   holder
00000314   waiter_first
00000316   waiter_curr
00000318   current_time
0000031c   realtime_current
0000031e   realtime_queue
00000320   add_realtime
00000322   process_deadline_miss
0000032c   l
0000032e   my_msp430_ptr
00000330   _lock
00000332   _unlock
00000334   _cleanup_ptr
00000336   _dtors_ptr
0000033a   __end__
0000033a   end
000005b0   _stack
00000600   __STACK_END
000010f8   CALDCO_16MHZ
000010f9   CALBC1_16MHZ
000010fa   CALDCO_12MHZ
000010fb   CALBC1_12MHZ
000010fc   CALDCO_8MHZ
000010fd   CALBC1_8MHZ
000010fe   CALDCO_1MHZ
000010ff   CALBC1_1MHZ
00008000   .text
00008000   __text__
00008000   process_select
000083ce   MRFI_RxCompleteISR
000085fa   MRFI_Init
000087fa   interface_loop
0000899c   MRFI_Transmit
00008bd0   TBC_ISR
00008db8   USCI0RX_ISR
00008ea0   _printfi_minimal
00009016   malloc
000090be   send_message
00009160   init_uart
000091fa   free
0000927a   MRFI_RxAddrIsFiltered
000092ea   L_LSR
000092fc   L_LSR_15
00009302   L_LSR_14
00009308   L_LSR_13
0000930e   L_LSR_12
00009314   L_LSR_11
0000931a   L_LSR_10
00009320   L_LSR_9
00009326   L_LSR_8
0000932c   L_LSR_7
00009332   L_LSR_6
00009338   L_LSR_5
0000933e   L_LSR_4
00009344   L_LSR_3
0000934a   L_LSR_2
00009350   L_LSR_1
00009420   process_terminated
00009426   process_begin
00009430   process_blocked
0000947c   mrfiSpiCmdStrobe
00009530   __divul
00009530   __remul
00009588   MRFI_WakeUp
000095dc   main
0000962c   L_ASR
0000963c   L_ASR_15
00009640   L_ASR_14
00009644   L_ASR_13
00009648   L_ASR_12
0000964c   L_ASR_11
00009650   L_ASR_10
00009654   L_ASR_9
00009658   L_ASR_8
0000965c   L_ASR_7
00009660   L_ASR_6
00009664   L_ASR_5
00009668   L_ASR_4
0000966c   L_ASR_3
00009670   L_ASR_2
00009674   L_ASR_1
000096c6   I_LSR
000096d4   I_LSR_15
000096d8   I_LSR_14
000096dc   I_LSR_13
000096e0   I_LSR_12
000096e4   I_LSR_11
000096e8   I_LSR_10
000096ec   I_LSR_9
000096f0   I_LSR_8
000096f4   I_LSR_7
000096f8   I_LSR_6
000096fc   I_LSR_5
00009700   I_LSR_4
00009704   I_LSR_3
00009708   I_LSR_2
0000970c   I_LSR_1
00009712   _auto_init
000097e2   MRFI_SetRxAddrFilter
00009864   receive_message
000098a2   minit
000098dc   sprintf
00009914   MRFI_SetRFPwr
0000994a   MRFI_SetLogicalChannel
000099b2   mrfiSpiInit
000099e6   sleep
00009a1a   BSP_Init
00009a4a   uart_puts
00009ad2   mrfiSpiWriteReg
00009afe   __divi
00009afe   __remi
00009b2a   BSP_Delay
00009b52   memccpy
00009b7a   _c_int00
00009b7a   _c_int00_noexit
00009ba0   mrfiSpiReadReg
00009bc6   __mpyl
00009bec   uart_clear_screen
00009c0e   MRFI_EnableRxAddrFilter
00009c2e   MRFI_RxOn
00009c4e   mrfiSpiWriteTxFifo
00009c6c   BSP_InitBoard
00009c88   MRFI_GpioIsr
00009ca4   mrfiSpiReadRxFifo
00009cc0   BSP_GpioPort1Isr
00009cf4   strcmp
00009d0c   MRFI_RandomByte
00009d22   MRFI_Receive
00009d4e   __divu
00009d4e   __remu
00009d64   strcpy
00009d7a   memset
00009d8e   __mpyi
00009da2   uart_putc
00009db6   BSP_InitLeds
00009dda   memcpy
00009dec   strlen
00009dfe   func_epilog_7
00009e00   func_epilog_6
00009e02   func_epilog_5
00009e04   func_epilog_4
00009e06   func_epilog_3
00009e08   func_epilog_2
00009e0a   func_epilog_1
00009e0e   BSP_InitButtons
00009e18   BSP_InitDrivers
00009e22   _system_pre_init
00009e2c   C$$EXIT
00009e2c   abort
00009e30   _nop
00009e32   __etext__
00009e32   etext
0000a0ca   mrfiBroadcastAddr
0000a0d6   __cinit__
0000a0d6   cinit
0000fffe   _reset_vector
ffffffff   __binit__
ffffffff   __c_args__
ffffffff   __pinit__
ffffffff   binit
ffffffff   pinit

[263 symbols]
