******************************************************************************
       MSP430 Evaluation Linker PC v3.2.1                      
******************************************************************************
>> Linked Wed May 02 11:33:38 2012

OUTPUT FILE NAME:   <radio_example.out>
ENTRY POINT SYMBOL: "_c_int00"  address: 0000abc2


MEMORY CONFIGURATION

         name            origin    length      used     unused   attr    fill
----------------------  --------  ---------  --------  --------  ----  --------
  SFR                   00000000   00000010  00000000  00000010  RWIX
  PERIPHERALS_8BIT      00000010   000000f0  00000000  000000f0  RWIX
  PERIPHERALS_16BIT     00000100   00000100  00000000  00000100  RWIX
  RAM                   00000200   00000400  000002fe  00000102  RWIX
  INFOD                 00001000   00000040  00000000  00000040  RWIX
  INFOC                 00001040   00000040  00000000  00000040  RWIX
  INFOB                 00001080   00000040  00000000  00000040  RWIX
  INFOA                 000010c0   00000040  00000000  00000040  RWIX
  FLASH                 00008000   00007fde  00003193  00004e4b  RWIX
  INT00                 0000ffe0   00000002  00000000  00000002  RWIX
  INT01                 0000ffe2   00000002  00000000  00000002  RWIX
  INT02                 0000ffe4   00000002  00000000  00000002  RWIX
  INT03                 0000ffe6   00000002  00000002  00000000  RWIX
  INT04                 0000ffe8   00000002  00000000  00000002  RWIX
  INT05                 0000ffea   00000002  00000000  00000002  RWIX
  INT06                 0000ffec   00000002  00000000  00000002  RWIX
  INT07                 0000ffee   00000002  00000002  00000000  RWIX
  INT08                 0000fff0   00000002  00000000  00000002  RWIX
  INT09                 0000fff2   00000002  00000002  00000000  RWIX
  INT10                 0000fff4   00000002  00000000  00000002  RWIX
  INT11                 0000fff6   00000002  00000000  00000002  RWIX
  INT12                 0000fff8   00000002  00000000  00000002  RWIX
  INT13                 0000fffa   00000002  00000002  00000000  RWIX
  INT14                 0000fffc   00000002  00000000  00000002  RWIX
  RESET                 0000fffe   00000002  00000002  00000000  RWIX


SECTION ALLOCATION MAP

 output                                  attributes/
section   page    origin      length       input sections
--------  ----  ----------  ----------   ----------------
.pinit     0    00008000    00000000     UNINITIALIZED

.bss       0    00000200    0000025e     UNINITIALIZED
                  00000200    00000204     uart.obj (.bss)
                  00000404    0000002e     mrfi.obj (.bss)
                  00000432    00000016     process.obj (.bss)
                  00000448    00000008     rts430.lib : memory.obj (.bss)
                  00000450    00000004     radio.obj (.bss)
                  00000454    00000004     rts430.lib : _lock.obj (.bss)
                  00000458    00000004                : boot.obj (.bss)
                  0000045c    00000002     3140.obj (.bss)

.sysmem    0    00000460    00000050     UNINITIALIZED
                  00000460    00000004     rts430.lib : memory.obj (.sysmem)
                  00000464    0000004c     --HOLE--

.stack     0    000005b0    00000050     UNINITIALIZED
                  000005b0    00000002     rts430.lib : boot.obj (.stack)
                  000005b2    0000004e     --HOLE--

.text      0    00008000    00002e8a     
                  00008000    000003ce     process.obj (.text:process_select)
                  000083ce    00000216     rts430.lib : _printfi.obj (.text:_setfield)
                  000085e4    00000200     mrfi.obj (.text:MRFI_Init)
                  000087e4    000001b6     rts430.lib : _printfi.obj (.text:_printfi)
                  0000899a    00000198     interface.obj (.text:main)
                  00008b32    00000168     rts430.lib : _printfi.obj (.text:ecvt)
                  00008c9a    00000160                : _printfi.obj (.text:fcvt)
                  00008dfa    00000154                : _printfi.obj (.text:_pconv_e)
                  00008f4e    0000011e     mrfi.obj (.text:MRFI_Transmit)
                  0000906c    00000118     rts430.lib : fs_add.obj (.text)
                  00009184    00000102                : _printfi.obj (.text:_pconv_g)
                  00009286    00000100                : _printfi.obj (.text:_getarg_diouxp)
                  00009386    000000fe     process.obj (.text:TBC_ISR)
                  00009484    000000fe     rts430.lib : _printfi.obj (.text:_pproc_fwp)
                  00009582    000000f2                : _printfi.obj (.text:_pproc_diouxp)
                  00009674    000000ea     mrfi.obj (.text:Mrfi_SyncPinRxIsr)
                  0000975e    000000de     uart.obj (.text:USCI0RX_ISR)
                  0000983c    000000b2     simple_send_app.obj (.text:send_message)
                  000098ee    000000ac     rts430.lib : _printfi.obj (.text:_pproc_str)
                  0000999a    000000ac     mrfi.obj (.text:spiBurstFifoAccess)
                  00009a46    000000aa     rts430.lib : fs_mpy.obj (.text)
                  00009af0    000000a8                : memory.obj (.text:malloc)
                  00009b98    0000009a                : fs_div.obj (.text)
                  00009c32    00000096                : _printfi.obj (.text:_ltostr)
                  00009cc8    00000094     3140_concur.obj (.text:process_init)
                  00009d5c    00000090     rts430.lib : _printfi.obj (.text:_mcpy)
                  00009dec    00000086                : _printfi.obj (.text:_pproc_fge)
                  00009e72    00000084                : ltoa.obj (.text:ltoa)
                  00009ef6    00000084     process.obj (.text:process_create)
                  00009f7a    00000080     rts430.lib : memory.obj (.text:free)
                  00009ffa    0000007e                : fs_tol.obj (.text)
                  0000a078    0000007a                : _printfi.obj (.text:_ecpy)
                  0000a0f2    00000074                : _printfi.obj (.text:_pconv_f)
                  0000a166    00000070     mrfi.obj (.text:MRFI_RxAddrIsFiltered)
                  0000a1d6    0000006e     rts430.lib : lsr32.obj (.text)
                  0000a244    0000005e     uart.obj (.text:init_uart)
                  0000a2a2    0000005e     mrfi.obj (.text:spiRegAccess)
                  0000a300    0000005c     3140.obj (.text)
                  0000a35c    0000005c     mrfi.obj (.text:mrfiSpiCmdStrobe)
                  0000a3b8    0000005a     radio.obj (.text:init_radio)
                  0000a412    00000058     rts430.lib : div32u.obj (.text)
                  0000a46a    00000054     mrfi.obj (.text:MRFI_WakeUp)
                  0000a4be    00000054     rts430.lib : atoi.obj (.text:atoi)
                  0000a512    0000004e                : _printfi.obj (.text:_fcpy)
                  0000a560    0000004e                : asr32.obj (.text)
                  0000a5ae    0000004c     mrfi.obj (.text:Mrfi_CalculateRssi)
                  0000a5fa    0000004c     simple_receive_app.obj (.text:receive_message)
                  0000a646    0000004c     rts430.lib : lsr16.obj (.text)
                  0000a692    0000004a                : fs_cmp.obj (.text)
                  0000a6dc    0000004a                : fs_ltof.obj (.text)
                  0000a726    00000046                : autoinit.obj (.text:_auto_init)
                  0000a76c    00000046                : fs_tou.obj (.text)
                  0000a7b2    00000044                : _printfi.obj (.text:_pproc_fflags)
                  0000a7f6    00000042     mrfi.obj (.text:MRFI_SetRxAddrFilter)
                  0000a838    00000040     mrfi.obj (.text:Mrfi_DelayUsec)
                  0000a878    00000040     rts430.lib : div32s.obj (.text)
                  0000a8b8    0000003a                : memory.obj (.text:minit)
                  0000a8f2    00000038                : sprintf.obj (.text:sprintf)
                  0000a92a    00000036     mrfi.obj (.text:MRFI_SetRFPwr)
                  0000a960    00000034     mrfi.obj (.text:MRFI_SetLogicalChannel)
                  0000a994    00000034     rts430.lib : _printfi.obj (.text:_div)
                  0000a9c8    00000034     mrfi.obj (.text:mrfiSpiInit)
                  0000a9fc    00000034     interface.obj (.text:sleep)
                  0000aa30    00000032     process.obj (.text:process_start)
                  0000aa62    00000030     bsp.obj (.text:BSP_Init)
                  0000aa92    00000030     uart.obj (.text:uart_puts)
                  0000aac2    0000002c     mrfi.obj (.text:Mrfi_RandomBackoffDelay)
                  0000aaee    0000002c     mrfi.obj (.text:Mrfi_RxModeOff)
                  0000ab1a    0000002c     mrfi.obj (.text:mrfiSpiWriteReg)
                  0000ab46    0000002c     rts430.lib : div16s.obj (.text)
                  0000ab72    00000028     bsp.obj (.text:BSP_Delay)
                  0000ab9a    00000028     rts430.lib : memccpy.obj (.text:memccpy)
                  0000abc2    00000026                : boot.obj (.text:_c_int00_noexit)
                  0000abe8    00000026     mrfi.obj (.text:mrfiSpiReadReg)
                  0000ac0e    00000026     rts430.lib : mult32.obj (.text)
                  0000ac34    00000022     uart.obj (.text:uart_clear_screen)
                  0000ac56    00000020     mrfi.obj (.text:MRFI_EnableRxAddrFilter)
                  0000ac76    00000020     mrfi.obj (.text:MRFI_RxOn)
                  0000ac96    0000001e     mrfi.obj (.text:mrfiSpiWriteTxFifo)
                  0000acb4    0000001c     bsp.obj (.text:BSP_InitBoard)
                  0000acd0    0000001c     mrfi.obj (.text:MRFI_GpioIsr)
                  0000acec    0000001c     mrfi.obj (.text:mrfiSpiReadRxFifo)
                  0000ad08    0000001a     mrfi.obj (.text:BSP_GpioPort1Isr)
                  0000ad22    0000001a     rts430.lib : sprintf.obj (.text:_outs)
                  0000ad3c    00000016     mrfi.obj (.text:MRFI_RandomByte)
                  0000ad52    00000016     mrfi.obj (.text:MRFI_Receive)
                  0000ad68    00000016     mrfi.obj (.text:Mrfi_RxModeOn)
                  0000ad7e    00000016     rts430.lib : div16u.obj (.text)
                  0000ad94    00000016                : strcpy.obj (.text:strcpy)
                  0000adaa    00000014     simple_receive_app.obj (.text:MRFI_RxCompleteISR)
                  0000adbe    00000014     rts430.lib : memset.obj (.text:memset)
                  0000add2    00000014                : mult16.obj (.text)
                  0000ade6    00000014     uart.obj (.text:uart_putc)
                  0000adfa    00000012     bsp.obj (.text:BSP_InitLeds)
                  0000ae0c    00000012     rts430.lib : sprintf.obj (.text:_outc)
                  0000ae1e    00000012                : memcpy.obj (.text:memcpy)
                  0000ae30    00000012                : strlen.obj (.text:strlen)
                  0000ae42    00000010                : epilog.obj (.text)
                  0000ae52    0000000a     bsp.obj (.text:BSP_InitButtons)
                  0000ae5c    0000000a     bsp.obj (.text:BSP_InitDrivers)
                  0000ae66    0000000a     bsp.obj (.text:_system_pre_init)
                  0000ae70    0000000a     rts430.lib : abs.obj (.text:abs)
                  0000ae7a    0000000a                : fs_neg.obj (.text)
                  0000ae84    00000004                : exit.obj (.text:abort)
                  0000ae88    00000002                : _lock.obj (.text:_nop)

.const     0    0000ae8a    0000028d     
                  0000ae8a    00000101     rts430.lib : ctype.obj (.const:_ctypes_)
                  0000af8b    00000001     --HOLE-- [fill = 0]
                  0000af8c    000000c6     interface.obj (.const:.string)
                  0000b052    00000056     uart.obj (.const:.string)
                  0000b0a8    0000003c     mrfi.obj (.const:mrfiRadioCfg)
                  0000b0e4    00000024     rts430.lib : _printfi.obj (.const:.string)
                  0000b108    00000004     simple_receive_app.obj (.const:$P$T0$1)
                  0000b10c    00000004     mrfi.obj (.const:mrfiBroadcastAddr)
                  0000b110    00000004     mrfi.obj (.const:mrfiLogicalChanTable)
                  0000b114    00000003     mrfi.obj (.const:mrfiRFPowerTable)

.cinit     0    0000b118    0000007c     
                  0000b118    00000036     process.obj (.cinit)
                  0000b14e    0000002f     mrfi.obj (.cinit)
                  0000b17d    00000001     --HOLE-- [fill = 0]
                  0000b17e    00000006     radio.obj (.cinit)
                  0000b184    00000006     rts430.lib : memory.obj (.cinit)
                  0000b18a    00000006     uart.obj (.cinit)
                  0000b190    00000004     --HOLE-- [fill = 0]

.int03     0    0000ffe6    00000002     
                  0000ffe6    00000002     mrfi.obj (.int03)

.int07     0    0000ffee    00000002     
                  0000ffee    00000002     uart.obj (.int07)

.int09     0    0000fff2    00000002     
                  0000fff2    00000002     3140.obj (.int09)

.int13     0    0000fffa    00000002     
                  0000fffa    00000002     process.obj (.int13)

.reset     0    0000fffe    00000002     
                  0000fffe    00000002     rts430.lib : boot.obj (.reset)


GLOBAL SYMBOLS: SORTED ALPHABETICALLY BY Name 

address    name
--------   ----
00000200   .bss
00008000   .text
0000004a   ADC10AE0
0000004b   ADC10AE1
000001b0   ADC10CTL0
000001b2   ADC10CTL1
00000048   ADC10DTC0
00000049   ADC10DTC1
000001b4   ADC10MEM
000001bc   ADC10SA
00000057   BCSCTL1
00000058   BCSCTL2
00000053   BCSCTL3
0000ab72   BSP_Delay
0000ad08   BSP_GpioPort1Isr
0000aa62   BSP_Init
0000acb4   BSP_InitBoard
0000ae52   BSP_InitButtons
0000ae5c   BSP_InitDrivers
0000adfa   BSP_InitLeds
0000ae84   C$$EXIT
000010fb   CALBC1_12MHZ
000010f9   CALBC1_16MHZ
000010ff   CALBC1_1MHZ
000010fd   CALBC1_8MHZ
000010fa   CALDCO_12MHZ
000010f8   CALDCO_16MHZ
000010fe   CALDCO_1MHZ
000010fc   CALDCO_8MHZ
00000056   DCOCTL
00000128   FCTL1
0000012a   FCTL2
0000012c   FCTL3
00000000   IE1
00000001   IE2
00000002   IFG1
00000003   IFG2
0000a646   I_LSR
0000a68c   I_LSR_1
0000a668   I_LSR_10
0000a664   I_LSR_11
0000a660   I_LSR_12
0000a65c   I_LSR_13
0000a658   I_LSR_14
0000a654   I_LSR_15
0000a688   I_LSR_2
0000a684   I_LSR_3
0000a680   I_LSR_4
0000a67c   I_LSR_5
0000a678   I_LSR_6
0000a674   I_LSR_7
0000a670   I_LSR_8
0000a66c   I_LSR_9
0000a560   L_ASR
0000a5a8   L_ASR_1
0000a584   L_ASR_10
0000a580   L_ASR_11
0000a57c   L_ASR_12
0000a578   L_ASR_13
0000a574   L_ASR_14
0000a570   L_ASR_15
0000a5a4   L_ASR_2
0000a5a0   L_ASR_3
0000a59c   L_ASR_4
0000a598   L_ASR_5
0000a594   L_ASR_6
0000a590   L_ASR_7
0000a58c   L_ASR_8
0000a588   L_ASR_9
0000a1d6   L_LSR
0000a23c   L_LSR_1
0000a206   L_LSR_10
0000a200   L_LSR_11
0000a1fa   L_LSR_12
0000a1f4   L_LSR_13
0000a1ee   L_LSR_14
0000a1e8   L_LSR_15
0000a236   L_LSR_2
0000a230   L_LSR_3
0000a22a   L_LSR_4
0000a224   L_LSR_5
0000a21e   L_LSR_6
0000a218   L_LSR_7
0000a212   L_LSR_8
0000a20c   L_LSR_9
0000ac56   MRFI_EnableRxAddrFilter
0000acd0   MRFI_GpioIsr
000085e4   MRFI_Init
0000ad3c   MRFI_RandomByte
0000ad52   MRFI_Receive
0000a166   MRFI_RxAddrIsFiltered
0000adaa   MRFI_RxCompleteISR
0000ac76   MRFI_RxOn
0000a960   MRFI_SetLogicalChannel
0000a92a   MRFI_SetRFPwr
0000a7f6   MRFI_SetRxAddrFilter
00008f4e   MRFI_Transmit
0000a46a   MRFI_WakeUp
000000c0   OA0CTL0
000000c1   OA0CTL1
000000c2   OA1CTL0
000000c3   OA1CTL1
00000022   P1DIR
00000025   P1IE
00000024   P1IES
00000023   P1IFG
00000020   P1IN
00000021   P1OUT
00000027   P1REN
00000026   P1SEL
0000002a   P2DIR
0000002d   P2IE
0000002c   P2IES
0000002b   P2IFG
00000028   P2IN
00000029   P2OUT
0000002f   P2REN
0000002e   P2SEL
0000001a   P3DIR
00000018   P3IN
00000019   P3OUT
00000010   P3REN
0000001b   P3SEL
0000001e   P4DIR
0000001c   P4IN
0000001d   P4OUT
00000011   P4REN
0000001f   P4SEL
00000172   TACCR0
00000174   TACCR1
00000176   TACCR2
00000162   TACCTL0
00000164   TACCTL1
00000166   TACCTL2
00000160   TACTL
0000012e   TAIV
00000170   TAR
00000192   TBCCR0
00000194   TBCCR1
00000196   TBCCR2
00000182   TBCCTL0
00000184   TBCCTL1
00000186   TBCCTL2
00000180   TBCTL
00009386   TBC_ISR
0000011e   TBIV
00000190   TBR
0000005d   UCA0ABCTL
00000062   UCA0BR0
00000063   UCA0BR1
00000060   UCA0CTL0
00000061   UCA0CTL1
0000005f   UCA0IRRCTL
0000005e   UCA0IRTCTL
00000064   UCA0MCTL
00000066   UCA0RXBUF
00000065   UCA0STAT
00000067   UCA0TXBUF
0000006a   UCB0BR0
0000006b   UCB0BR1
00000068   UCB0CTL0
00000069   UCB0CTL1
0000006c   UCB0I2CIE
00000118   UCB0I2COA
0000011a   UCB0I2CSA
0000006e   UCB0RXBUF
0000006d   UCB0STAT
0000006f   UCB0TXBUF
0000975e   USCI0RX_ISR
00000120   WDTCTL
00000600   __STACK_END
00000050   __STACK_SIZE
00000050   __SYSMEM_SIZE
00000001   __TI_args_main
00000001   __TI_auto_init
00000001   __TI_exit
ffffffff   __binit__
00000200   __bss__
ffffffff   __c_args__
0000b118   __cinit__
0000ab46   __divi
0000a878   __divli
0000ad7e   __divu
0000a412   __divul
0000045e   __end__
0000ae8a   __etext__
00009072   __fs_add
0000a692   __fs_cmp
00009b98   __fs_div
0000a6dc   __fs_ltof
00009a46   __fs_mpy
0000ae7a   __fs_neg
0000906c   __fs_sub
00009ffa   __fs_tol
0000a76c   __fs_tou
0000add2   __mpyi
0000ac0e   __mpyl
ffffffff   __pinit__
0000ab46   __remi
0000a878   __remli
0000ad7e   __remu
0000a412   __remul
00008000   __text__
0000a726   _auto_init
0000abc2   _c_int00
0000abc2   _c_int00_noexit
00000458   _cleanup_ptr
0000ae8a   _ctypes_
0000045a   _dtors_ptr
00000454   _lock
0000ae88   _nop
000087e4   _printfi
0000fffe   _reset_vector
000005b0   _stack
00000460   _sys_memory
0000ae66   _system_pre_init
00000456   _unlock
0000ae84   abort
0000ae70   abs
00000444   add_realtime
00000302   another
0000a4be   atoi
ffffffff   binit
0000b118   cinit
00000432   current_process
0000043c   current_time
0000045e   end
0000ae8a   etext
00009f7a   free
0000ae4e   func_epilog_1
0000ae4c   func_epilog_2
0000ae4a   func_epilog_3
0000ae48   func_epilog_4
0000ae46   func_epilog_5
0000ae44   func_epilog_6
0000ae42   func_epilog_7
00000434   head
00000436   holder
00000200   index
0000a3b8   init_radio
0000a244   init_uart
00000450   l
00009e72   ltoa
0000899a   main
00009af0   malloc
0000ab9a   memccpy
0000ae1e   memcpy
0000adbe   memset
0000a8b8   minit
0000b10c   mrfiBroadcastAddr
0000a35c   mrfiSpiCmdStrobe
0000a9c8   mrfiSpiInit
0000abe8   mrfiSpiReadReg
0000acec   mrfiSpiReadRxFifo
0000ab1a   mrfiSpiWriteReg
0000ac96   mrfiSpiWriteTxFifo
00000452   my_msp430_ptr
00000202   out
ffffffff   pinit
0000a306   process_begin
0000a310   process_blocked
00009ef6   process_create
00000446   process_deadline_miss
00009cc8   process_init
00008000   process_select
0000aa30   process_start
0000a300   process_terminated
00000440   realtime_current
00000442   realtime_queue
0000a5fa   receive_message
00000402   root
0000983c   send_message
0000a9fc   sleep
0000a8f2   sprintf
0000ad94   strcpy
0000ae30   strlen
0000ac34   uart_clear_screen
0000ade6   uart_putc
0000aa92   uart_puts
0000043a   waiter_curr
00000438   waiter_first


GLOBAL SYMBOLS: SORTED BY Symbol Address 

address    name
--------   ----
00000000   IE1
00000001   IE2
00000001   __TI_args_main
00000001   __TI_auto_init
00000001   __TI_exit
00000002   IFG1
00000003   IFG2
00000010   P3REN
00000011   P4REN
00000018   P3IN
00000019   P3OUT
0000001a   P3DIR
0000001b   P3SEL
0000001c   P4IN
0000001d   P4OUT
0000001e   P4DIR
0000001f   P4SEL
00000020   P1IN
00000021   P1OUT
00000022   P1DIR
00000023   P1IFG
00000024   P1IES
00000025   P1IE
00000026   P1SEL
00000027   P1REN
00000028   P2IN
00000029   P2OUT
0000002a   P2DIR
0000002b   P2IFG
0000002c   P2IES
0000002d   P2IE
0000002e   P2SEL
0000002f   P2REN
00000048   ADC10DTC0
00000049   ADC10DTC1
0000004a   ADC10AE0
0000004b   ADC10AE1
00000050   __STACK_SIZE
00000050   __SYSMEM_SIZE
00000053   BCSCTL3
00000056   DCOCTL
00000057   BCSCTL1
00000058   BCSCTL2
0000005d   UCA0ABCTL
0000005e   UCA0IRTCTL
0000005f   UCA0IRRCTL
00000060   UCA0CTL0
00000061   UCA0CTL1
00000062   UCA0BR0
00000063   UCA0BR1
00000064   UCA0MCTL
00000065   UCA0STAT
00000066   UCA0RXBUF
00000067   UCA0TXBUF
00000068   UCB0CTL0
00000069   UCB0CTL1
0000006a   UCB0BR0
0000006b   UCB0BR1
0000006c   UCB0I2CIE
0000006d   UCB0STAT
0000006e   UCB0RXBUF
0000006f   UCB0TXBUF
000000c0   OA0CTL0
000000c1   OA0CTL1
000000c2   OA1CTL0
000000c3   OA1CTL1
00000118   UCB0I2COA
0000011a   UCB0I2CSA
0000011e   TBIV
00000120   WDTCTL
00000128   FCTL1
0000012a   FCTL2
0000012c   FCTL3
0000012e   TAIV
00000160   TACTL
00000162   TACCTL0
00000164   TACCTL1
00000166   TACCTL2
00000170   TAR
00000172   TACCR0
00000174   TACCR1
00000176   TACCR2
00000180   TBCTL
00000182   TBCCTL0
00000184   TBCCTL1
00000186   TBCCTL2
00000190   TBR
00000192   TBCCR0
00000194   TBCCR1
00000196   TBCCR2
000001b0   ADC10CTL0
000001b2   ADC10CTL1
000001b4   ADC10MEM
000001bc   ADC10SA
00000200   .bss
00000200   __bss__
00000200   index
00000202   out
00000302   another
00000402   root
00000432   current_process
00000434   head
00000436   holder
00000438   waiter_first
0000043a   waiter_curr
0000043c   current_time
00000440   realtime_current
00000442   realtime_queue
00000444   add_realtime
00000446   process_deadline_miss
00000450   l
00000452   my_msp430_ptr
00000454   _lock
00000456   _unlock
00000458   _cleanup_ptr
0000045a   _dtors_ptr
0000045e   __end__
0000045e   end
00000460   _sys_memory
000005b0   _stack
00000600   __STACK_END
000010f8   CALDCO_16MHZ
000010f9   CALBC1_16MHZ
000010fa   CALDCO_12MHZ
000010fb   CALBC1_12MHZ
000010fc   CALDCO_8MHZ
000010fd   CALBC1_8MHZ
000010fe   CALDCO_1MHZ
000010ff   CALBC1_1MHZ
00008000   .text
00008000   __text__
00008000   process_select
000085e4   MRFI_Init
000087e4   _printfi
0000899a   main
00008f4e   MRFI_Transmit
0000906c   __fs_sub
00009072   __fs_add
00009386   TBC_ISR
0000975e   USCI0RX_ISR
0000983c   send_message
00009a46   __fs_mpy
00009af0   malloc
00009b98   __fs_div
00009cc8   process_init
00009e72   ltoa
00009ef6   process_create
00009f7a   free
00009ffa   __fs_tol
0000a166   MRFI_RxAddrIsFiltered
0000a1d6   L_LSR
0000a1e8   L_LSR_15
0000a1ee   L_LSR_14
0000a1f4   L_LSR_13
0000a1fa   L_LSR_12
0000a200   L_LSR_11
0000a206   L_LSR_10
0000a20c   L_LSR_9
0000a212   L_LSR_8
0000a218   L_LSR_7
0000a21e   L_LSR_6
0000a224   L_LSR_5
0000a22a   L_LSR_4
0000a230   L_LSR_3
0000a236   L_LSR_2
0000a23c   L_LSR_1
0000a244   init_uart
0000a300   process_terminated
0000a306   process_begin
0000a310   process_blocked
0000a35c   mrfiSpiCmdStrobe
0000a3b8   init_radio
0000a412   __divul
0000a412   __remul
0000a46a   MRFI_WakeUp
0000a4be   atoi
0000a560   L_ASR
0000a570   L_ASR_15
0000a574   L_ASR_14
0000a578   L_ASR_13
0000a57c   L_ASR_12
0000a580   L_ASR_11
0000a584   L_ASR_10
0000a588   L_ASR_9
0000a58c   L_ASR_8
0000a590   L_ASR_7
0000a594   L_ASR_6
0000a598   L_ASR_5
0000a59c   L_ASR_4
0000a5a0   L_ASR_3
0000a5a4   L_ASR_2
0000a5a8   L_ASR_1
0000a5fa   receive_message
0000a646   I_LSR
0000a654   I_LSR_15
0000a658   I_LSR_14
0000a65c   I_LSR_13
0000a660   I_LSR_12
0000a664   I_LSR_11
0000a668   I_LSR_10
0000a66c   I_LSR_9
0000a670   I_LSR_8
0000a674   I_LSR_7
0000a678   I_LSR_6
0000a67c   I_LSR_5
0000a680   I_LSR_4
0000a684   I_LSR_3
0000a688   I_LSR_2
0000a68c   I_LSR_1
0000a692   __fs_cmp
0000a6dc   __fs_ltof
0000a726   _auto_init
0000a76c   __fs_tou
0000a7f6   MRFI_SetRxAddrFilter
0000a878   __divli
0000a878   __remli
0000a8b8   minit
0000a8f2   sprintf
0000a92a   MRFI_SetRFPwr
0000a960   MRFI_SetLogicalChannel
0000a9c8   mrfiSpiInit
0000a9fc   sleep
0000aa30   process_start
0000aa62   BSP_Init
0000aa92   uart_puts
0000ab1a   mrfiSpiWriteReg
0000ab46   __divi
0000ab46   __remi
0000ab72   BSP_Delay
0000ab9a   memccpy
0000abc2   _c_int00
0000abc2   _c_int00_noexit
0000abe8   mrfiSpiReadReg
0000ac0e   __mpyl
0000ac34   uart_clear_screen
0000ac56   MRFI_EnableRxAddrFilter
0000ac76   MRFI_RxOn
0000ac96   mrfiSpiWriteTxFifo
0000acb4   BSP_InitBoard
0000acd0   MRFI_GpioIsr
0000acec   mrfiSpiReadRxFifo
0000ad08   BSP_GpioPort1Isr
0000ad3c   MRFI_RandomByte
0000ad52   MRFI_Receive
0000ad7e   __divu
0000ad7e   __remu
0000ad94   strcpy
0000adaa   MRFI_RxCompleteISR
0000adbe   memset
0000add2   __mpyi
0000ade6   uart_putc
0000adfa   BSP_InitLeds
0000ae1e   memcpy
0000ae30   strlen
0000ae42   func_epilog_7
0000ae44   func_epilog_6
0000ae46   func_epilog_5
0000ae48   func_epilog_4
0000ae4a   func_epilog_3
0000ae4c   func_epilog_2
0000ae4e   func_epilog_1
0000ae52   BSP_InitButtons
0000ae5c   BSP_InitDrivers
0000ae66   _system_pre_init
0000ae70   abs
0000ae7a   __fs_neg
0000ae84   C$$EXIT
0000ae84   abort
0000ae88   _nop
0000ae8a   __etext__
0000ae8a   _ctypes_
0000ae8a   etext
0000b10c   mrfiBroadcastAddr
0000b118   __cinit__
0000b118   cinit
0000fffe   _reset_vector
ffffffff   __binit__
ffffffff   __c_args__
ffffffff   __pinit__
ffffffff   binit
ffffffff   pinit

[281 symbols]
