******************************************************************************
       MSP430 Evaluation Linker PC v3.2.1                      
******************************************************************************
>> Linked Tue May 01 02:53:16 2012

OUTPUT FILE NAME:   <radio_example.out>
ENTRY POINT SYMBOL: "_c_int00"  address: 00008bbc


MEMORY CONFIGURATION

         name            origin    length      used     unused   attr    fill
----------------------  --------  ---------  --------  --------  ----  --------
  SFR                   00000000   00000010  00000000  00000010  RWIX
  PERIPHERALS_8BIT      00000010   000000f0  00000000  000000f0  RWIX
  PERIPHERALS_16BIT     00000100   00000100  00000000  00000100  RWIX
  RAM                   00000200   00000400  000003fc  00000004  RWIX
  INFOD                 00001000   00000040  00000000  00000040  RWIX
  INFOC                 00001040   00000040  00000000  00000040  RWIX
  INFOB                 00001080   00000040  00000000  00000040  RWIX
  INFOA                 000010c0   00000040  00000000  00000040  RWIX
  FLASH                 00008000   00007fde  00000dca  00007214  RWIX
  INT00                 0000ffe0   00000002  00000000  00000002  RWIX
  INT01                 0000ffe2   00000002  00000000  00000002  RWIX
  INT02                 0000ffe4   00000002  00000000  00000002  RWIX
  INT03                 0000ffe6   00000002  00000002  00000000  RWIX
  INT04                 0000ffe8   00000002  00000000  00000002  RWIX
  INT05                 0000ffea   00000002  00000000  00000002  RWIX
  INT06                 0000ffec   00000002  00000000  00000002  RWIX
  INT07                 0000ffee   00000002  00000002  00000000  RWIX
  INT08                 0000fff0   00000002  00000000  00000002  RWIX
  INT09                 0000fff2   00000002  00000002  00000000  RWIX
  INT10                 0000fff4   00000002  00000000  00000002  RWIX
  INT11                 0000fff6   00000002  00000000  00000002  RWIX
  INT12                 0000fff8   00000002  00000000  00000002  RWIX
  INT13                 0000fffa   00000002  00000002  00000000  RWIX
  INT14                 0000fffc   00000002  00000000  00000002  RWIX
  RESET                 0000fffe   00000002  00000002  00000000  RWIX


SECTION ALLOCATION MAP

 output                                  attributes/
section   page    origin      length       input sections
--------  ----  ----------  ----------   ----------------
.pinit     0    00008000    00000000     UNINITIALIZED

.bss       0    00000200    0000035c     UNINITIALIZED
                  00000200    00000306     uart.obj (.bss)
                  00000506    0000002e     mrfi.obj (.bss)
                  00000534    00000016     process.obj (.bss)
                  0000054a    00000008     rts430.lib : memory.obj (.bss)
                  00000552    00000004                : _lock.obj (.bss)
                  00000556    00000004                : boot.obj (.bss)
                  0000055a    00000002     3140.obj (.bss)

.sysmem    0    0000055c    00000050     UNINITIALIZED
                  0000055c    00000004     rts430.lib : memory.obj (.sysmem)
                  00000560    0000004c     --HOLE--

.stack     0    000005b0    00000050     UNINITIALIZED
                  000005b0    00000002     rts430.lib : boot.obj (.stack)
                  000005b2    0000004e     --HOLE--

.text      0    00008000    00000d44     
                  00008000    000003ce     process.obj (.text:process_select)
                  000083ce    000000fe     process.obj (.text:TBC_ISR)
                  000084cc    000000ea     mrfi.obj (.text:Mrfi_SyncPinRxIsr)
                  000085b6    000000ac     mrfi.obj (.text:spiBurstFifoAccess)
                  00008662    000000a8     rts430.lib : memory.obj (.text:malloc)
                  0000870a    00000080                : memory.obj (.text:free)
                  0000878a    00000070     mrfi.obj (.text:MRFI_RxAddrIsFiltered)
                  000087fa    0000005e     mrfi.obj (.text:spiRegAccess)
                  00008858    0000005c     3140.obj (.text)
                  000088b4    0000005c     mrfi.obj (.text:mrfiSpiCmdStrobe)
                  00008910    00000058     rts430.lib : div32u.obj (.text)
                  00008968    0000004e                : asr32.obj (.text)
                  000089b6    0000004c     mrfi.obj (.text:Mrfi_CalculateRssi)
                  00008a02    0000004c     rts430.lib : lsr16.obj (.text)
                  00008a4e    00000046                : autoinit.obj (.text:_auto_init)
                  00008a94    00000040     uart.obj (.text:init_uart)
                  00008ad4    0000003a     rts430.lib : memory.obj (.text:minit)
                  00008b0e    00000030     uart.obj (.text:uart_puts)
                  00008b3e    0000002c     rts430.lib : div16s.obj (.text)
                  00008b6a    0000002c     uart.obj (.text:set_msp430)
                  00008b96    00000026     uart.obj (.text:USCI0RX_ISR)
                  00008bbc    00000026     rts430.lib : boot.obj (.text:_c_int00_noexit)
                  00008be2    00000026     mrfi.obj (.text:mrfiSpiReadReg)
                  00008c08    00000026     rts430.lib : mult32.obj (.text)
                  00008c2e    00000022     uart.obj (.text:uart_clear_screen)
                  00008c50    0000001c     mrfi.obj (.text:MRFI_GpioIsr)
                  00008c6c    0000001c     uart.obj (.text:main)
                  00008c88    0000001c     mrfi.obj (.text:mrfiSpiReadRxFifo)
                  00008ca4    0000001a     mrfi.obj (.text:BSP_GpioPort1Isr)
                  00008cbe    00000016     rts430.lib : div16u.obj (.text)
                  00008cd4    00000014                : memset.obj (.text:memset)
                  00008ce8    00000014                : mult16.obj (.text)
                  00008cfc    00000014     uart.obj (.text:uart_putc)
                  00008d10    00000012     rts430.lib : memcpy.obj (.text:memcpy)
                  00008d22    00000010                : epilog.obj (.text)
                  00008d32    0000000a     bsp.obj (.text:_system_pre_init)
                  00008d3c    00000004     rts430.lib : exit.obj (.text:abort)
                  00008d40    00000002     uart.obj (.text:MRFI_RxCompleteISR)
                  00008d42    00000002     rts430.lib : _lock.obj (.text:_nop)

.cinit     0    00008d44    00000078     
                  00008d44    00000036     process.obj (.cinit)
                  00008d7a    0000002f     mrfi.obj (.cinit)
                  00008da9    00000001     --HOLE-- [fill = 0]
                  00008daa    00000006     rts430.lib : memory.obj (.cinit)
                  00008db0    00000006     uart.obj (.cinit)
                  00008db6    00000002     --HOLE-- [fill = 0]
                  00008db8    00000004     (.pad.cinit) [fill = 0]

.const     0    00008dbc    0000000e     
                  00008dbc    0000000a     uart.obj (.const:.string)
                  00008dc6    00000004     mrfi.obj (.const:mrfiBroadcastAddr)

.int03     0    0000ffe6    00000002     
                  0000ffe6    00000002     mrfi.obj (.int03)

.int07     0    0000ffee    00000002     
                  0000ffee    00000002     uart.obj (.int07)

.int09     0    0000fff2    00000002     
                  0000fff2    00000002     3140.obj (.int09)

.int13     0    0000fffa    00000002     
                  0000fffa    00000002     process.obj (.int13)

.reset     0    0000fffe    00000002     
                  0000fffe    00000002     rts430.lib : boot.obj (.reset)


GLOBAL SYMBOLS: SORTED ALPHABETICALLY BY Name 

address    name
--------   ----
00000200   .bss
00008000   .text
0000004a   ADC10AE0
0000004b   ADC10AE1
000001b0   ADC10CTL0
000001b2   ADC10CTL1
00000048   ADC10DTC0
00000049   ADC10DTC1
000001b4   ADC10MEM
000001bc   ADC10SA
00000057   BCSCTL1
00000058   BCSCTL2
00000053   BCSCTL3
00008ca4   BSP_GpioPort1Isr
00008d3c   C$$EXIT
000010fb   CALBC1_12MHZ
000010f9   CALBC1_16MHZ
000010ff   CALBC1_1MHZ
000010fd   CALBC1_8MHZ
000010fa   CALDCO_12MHZ
000010f8   CALDCO_16MHZ
000010fe   CALDCO_1MHZ
000010fc   CALDCO_8MHZ
00000056   DCOCTL
00000128   FCTL1
0000012a   FCTL2
0000012c   FCTL3
00000000   IE1
00000001   IE2
00000002   IFG1
00000003   IFG2
00008a02   I_LSR
00008a48   I_LSR_1
00008a24   I_LSR_10
00008a20   I_LSR_11
00008a1c   I_LSR_12
00008a18   I_LSR_13
00008a14   I_LSR_14
00008a10   I_LSR_15
00008a44   I_LSR_2
00008a40   I_LSR_3
00008a3c   I_LSR_4
00008a38   I_LSR_5
00008a34   I_LSR_6
00008a30   I_LSR_7
00008a2c   I_LSR_8
00008a28   I_LSR_9
00008968   L_ASR
000089b0   L_ASR_1
0000898c   L_ASR_10
00008988   L_ASR_11
00008984   L_ASR_12
00008980   L_ASR_13
0000897c   L_ASR_14
00008978   L_ASR_15
000089ac   L_ASR_2
000089a8   L_ASR_3
000089a4   L_ASR_4
000089a0   L_ASR_5
0000899c   L_ASR_6
00008998   L_ASR_7
00008994   L_ASR_8
00008990   L_ASR_9
00008c50   MRFI_GpioIsr
0000878a   MRFI_RxAddrIsFiltered
00008d40   MRFI_RxCompleteISR
000000c0   OA0CTL0
000000c1   OA0CTL1
000000c2   OA1CTL0
000000c3   OA1CTL1
00000022   P1DIR
00000025   P1IE
00000024   P1IES
00000023   P1IFG
00000020   P1IN
00000021   P1OUT
00000027   P1REN
00000026   P1SEL
0000002a   P2DIR
0000002d   P2IE
0000002c   P2IES
0000002b   P2IFG
00000028   P2IN
00000029   P2OUT
0000002f   P2REN
0000002e   P2SEL
0000001a   P3DIR
00000018   P3IN
00000019   P3OUT
00000010   P3REN
0000001b   P3SEL
0000001e   P4DIR
0000001c   P4IN
0000001d   P4OUT
00000011   P4REN
0000001f   P4SEL
00000172   TACCR0
00000174   TACCR1
00000176   TACCR2
00000162   TACCTL0
00000164   TACCTL1
00000166   TACCTL2
00000160   TACTL
0000012e   TAIV
00000170   TAR
00000192   TBCCR0
00000194   TBCCR1
00000196   TBCCR2
00000182   TBCCTL0
00000184   TBCCTL1
00000186   TBCCTL2
00000180   TBCTL
000083ce   TBC_ISR
0000011e   TBIV
00000190   TBR
0000005d   UCA0ABCTL
00000062   UCA0BR0
00000063   UCA0BR1
00000060   UCA0CTL0
00000061   UCA0CTL1
0000005f   UCA0IRRCTL
0000005e   UCA0IRTCTL
00000064   UCA0MCTL
00000066   UCA0RXBUF
00000065   UCA0STAT
00000067   UCA0TXBUF
0000006a   UCB0BR0
0000006b   UCB0BR1
00000068   UCB0CTL0
00000069   UCB0CTL1
0000006c   UCB0I2CIE
00000118   UCB0I2COA
0000011a   UCB0I2CSA
0000006e   UCB0RXBUF
0000006d   UCB0STAT
0000006f   UCB0TXBUF
00008b96   USCI0RX_ISR
00000120   WDTCTL
00000600   __STACK_END
00000050   __STACK_SIZE
00000050   __SYSMEM_SIZE
00000001   __TI_args_main
00000001   __TI_auto_init
00000001   __TI_exit
ffffffff   __binit__
00000200   __bss__
ffffffff   __c_args__
00008d44   __cinit__
00008b3e   __divi
00008cbe   __divu
00008910   __divul
0000055c   __end__
00008d44   __etext__
00008ce8   __mpyi
00008c08   __mpyl
ffffffff   __pinit__
00008b3e   __remi
00008cbe   __remu
00008910   __remul
00008000   __text__
00008a4e   _auto_init
00008bbc   _c_int00
00008bbc   _c_int00_noexit
00000556   _cleanup_ptr
00000558   _dtors_ptr
00000552   _lock
00008d42   _nop
0000fffe   _reset_vector
000005b0   _stack
0000055c   _sys_memory
00008d32   _system_pre_init
00000554   _unlock
00008d3c   abort
00000546   add_realtime
00000302   another
ffffffff   binit
00008d44   cinit
00000534   current_process
0000053e   current_time
0000055c   end
00008d44   etext
0000870a   free
00008d2e   func_epilog_1
00008d2c   func_epilog_2
00008d2a   func_epilog_3
00008d28   func_epilog_4
00008d26   func_epilog_5
00008d24   func_epilog_6
00008d22   func_epilog_7
00000536   head
00000538   holder
00000200   index
00008a94   init_uart
00008c6c   main
00008662   malloc
00008d10   memcpy
00008cd4   memset
00008ad4   minit
00008dc6   mrfiBroadcastAddr
000088b4   mrfiSpiCmdStrobe
00008be2   mrfiSpiReadReg
00008c88   mrfiSpiReadRxFifo
00000402   my_msp430
00000202   out
ffffffff   pinit
0000885e   process_begin
00008868   process_blocked
00000548   process_deadline_miss
00008000   process_select
00008858   process_terminated
00000542   realtime_current
00000544   realtime_queue
00008b6a   set_msp430
00008c2e   uart_clear_screen
00008cfc   uart_putc
00008b0e   uart_puts
0000053c   waiter_curr
0000053a   waiter_first


GLOBAL SYMBOLS: SORTED BY Symbol Address 

address    name
--------   ----
00000000   IE1
00000001   IE2
00000001   __TI_args_main
00000001   __TI_auto_init
00000001   __TI_exit
00000002   IFG1
00000003   IFG2
00000010   P3REN
00000011   P4REN
00000018   P3IN
00000019   P3OUT
0000001a   P3DIR
0000001b   P3SEL
0000001c   P4IN
0000001d   P4OUT
0000001e   P4DIR
0000001f   P4SEL
00000020   P1IN
00000021   P1OUT
00000022   P1DIR
00000023   P1IFG
00000024   P1IES
00000025   P1IE
00000026   P1SEL
00000027   P1REN
00000028   P2IN
00000029   P2OUT
0000002a   P2DIR
0000002b   P2IFG
0000002c   P2IES
0000002d   P2IE
0000002e   P2SEL
0000002f   P2REN
00000048   ADC10DTC0
00000049   ADC10DTC1
0000004a   ADC10AE0
0000004b   ADC10AE1
00000050   __STACK_SIZE
00000050   __SYSMEM_SIZE
00000053   BCSCTL3
00000056   DCOCTL
00000057   BCSCTL1
00000058   BCSCTL2
0000005d   UCA0ABCTL
0000005e   UCA0IRTCTL
0000005f   UCA0IRRCTL
00000060   UCA0CTL0
00000061   UCA0CTL1
00000062   UCA0BR0
00000063   UCA0BR1
00000064   UCA0MCTL
00000065   UCA0STAT
00000066   UCA0RXBUF
00000067   UCA0TXBUF
00000068   UCB0CTL0
00000069   UCB0CTL1
0000006a   UCB0BR0
0000006b   UCB0BR1
0000006c   UCB0I2CIE
0000006d   UCB0STAT
0000006e   UCB0RXBUF
0000006f   UCB0TXBUF
000000c0   OA0CTL0
000000c1   OA0CTL1
000000c2   OA1CTL0
000000c3   OA1CTL1
00000118   UCB0I2COA
0000011a   UCB0I2CSA
0000011e   TBIV
00000120   WDTCTL
00000128   FCTL1
0000012a   FCTL2
0000012c   FCTL3
0000012e   TAIV
00000160   TACTL
00000162   TACCTL0
00000164   TACCTL1
00000166   TACCTL2
00000170   TAR
00000172   TACCR0
00000174   TACCR1
00000176   TACCR2
00000180   TBCTL
00000182   TBCCTL0
00000184   TBCCTL1
00000186   TBCCTL2
00000190   TBR
00000192   TBCCR0
00000194   TBCCR1
00000196   TBCCR2
000001b0   ADC10CTL0
000001b2   ADC10CTL1
000001b4   ADC10MEM
000001bc   ADC10SA
00000200   .bss
00000200   __bss__
00000200   index
00000202   out
00000302   another
00000402   my_msp430
00000534   current_process
00000536   head
00000538   holder
0000053a   waiter_first
0000053c   waiter_curr
0000053e   current_time
00000542   realtime_current
00000544   realtime_queue
00000546   add_realtime
00000548   process_deadline_miss
00000552   _lock
00000554   _unlock
00000556   _cleanup_ptr
00000558   _dtors_ptr
0000055c   __end__
0000055c   _sys_memory
0000055c   end
000005b0   _stack
00000600   __STACK_END
000010f8   CALDCO_16MHZ
000010f9   CALBC1_16MHZ
000010fa   CALDCO_12MHZ
000010fb   CALBC1_12MHZ
000010fc   CALDCO_8MHZ
000010fd   CALBC1_8MHZ
000010fe   CALDCO_1MHZ
000010ff   CALBC1_1MHZ
00008000   .text
00008000   __text__
00008000   process_select
000083ce   TBC_ISR
00008662   malloc
0000870a   free
0000878a   MRFI_RxAddrIsFiltered
00008858   process_terminated
0000885e   process_begin
00008868   process_blocked
000088b4   mrfiSpiCmdStrobe
00008910   __divul
00008910   __remul
00008968   L_ASR
00008978   L_ASR_15
0000897c   L_ASR_14
00008980   L_ASR_13
00008984   L_ASR_12
00008988   L_ASR_11
0000898c   L_ASR_10
00008990   L_ASR_9
00008994   L_ASR_8
00008998   L_ASR_7
0000899c   L_ASR_6
000089a0   L_ASR_5
000089a4   L_ASR_4
000089a8   L_ASR_3
000089ac   L_ASR_2
000089b0   L_ASR_1
00008a02   I_LSR
00008a10   I_LSR_15
00008a14   I_LSR_14
00008a18   I_LSR_13
00008a1c   I_LSR_12
00008a20   I_LSR_11
00008a24   I_LSR_10
00008a28   I_LSR_9
00008a2c   I_LSR_8
00008a30   I_LSR_7
00008a34   I_LSR_6
00008a38   I_LSR_5
00008a3c   I_LSR_4
00008a40   I_LSR_3
00008a44   I_LSR_2
00008a48   I_LSR_1
00008a4e   _auto_init
00008a94   init_uart
00008ad4   minit
00008b0e   uart_puts
00008b3e   __divi
00008b3e   __remi
00008b6a   set_msp430
00008b96   USCI0RX_ISR
00008bbc   _c_int00
00008bbc   _c_int00_noexit
00008be2   mrfiSpiReadReg
00008c08   __mpyl
00008c2e   uart_clear_screen
00008c50   MRFI_GpioIsr
00008c6c   main
00008c88   mrfiSpiReadRxFifo
00008ca4   BSP_GpioPort1Isr
00008cbe   __divu
00008cbe   __remu
00008cd4   memset
00008ce8   __mpyi
00008cfc   uart_putc
00008d10   memcpy
00008d22   func_epilog_7
00008d24   func_epilog_6
00008d26   func_epilog_5
00008d28   func_epilog_4
00008d2a   func_epilog_3
00008d2c   func_epilog_2
00008d2e   func_epilog_1
00008d32   _system_pre_init
00008d3c   C$$EXIT
00008d3c   abort
00008d40   MRFI_RxCompleteISR
00008d42   _nop
00008d44   __cinit__
00008d44   __etext__
00008d44   cinit
00008d44   etext
00008dc6   mrfiBroadcastAddr
0000fffe   _reset_vector
ffffffff   __binit__
ffffffff   __c_args__
ffffffff   __pinit__
ffffffff   binit
ffffffff   pinit

[218 symbols]
