******************************************************************************
       MSP430 Evaluation Linker PC v3.2.1                      
******************************************************************************
>> Linked Wed May 02 10:03:59 2012

OUTPUT FILE NAME:   <radio_example.out>
ENTRY POINT SYMBOL: "_c_int00"  address: 0000a304


MEMORY CONFIGURATION

         name            origin    length      used     unused   attr    fill
----------------------  --------  ---------  --------  --------  ----  --------
  SFR                   00000000   00000010  00000000  00000010  RWIX
  PERIPHERALS_8BIT      00000010   000000f0  00000000  000000f0  RWIX
  PERIPHERALS_16BIT     00000100   00000100  00000000  00000100  RWIX
  RAM                   00000200   00000400  000002fa  00000106  RWIX
  INFOD                 00001000   00000040  00000000  00000040  RWIX
  INFOC                 00001040   00000040  00000000  00000040  RWIX
  INFOB                 00001080   00000040  00000000  00000040  RWIX
  INFOA                 000010c0   00000040  00000000  00000040  RWIX
  FLASH                 00008000   00007fde  000026ec  000058f2  RWIX
  INT00                 0000ffe0   00000002  00000000  00000002  RWIX
  INT01                 0000ffe2   00000002  00000000  00000002  RWIX
  INT02                 0000ffe4   00000002  00000000  00000002  RWIX
  INT03                 0000ffe6   00000002  00000002  00000000  RWIX
  INT04                 0000ffe8   00000002  00000000  00000002  RWIX
  INT05                 0000ffea   00000002  00000000  00000002  RWIX
  INT06                 0000ffec   00000002  00000000  00000002  RWIX
  INT07                 0000ffee   00000002  00000002  00000000  RWIX
  INT08                 0000fff0   00000002  00000000  00000002  RWIX
  INT09                 0000fff2   00000002  00000002  00000000  RWIX
  INT10                 0000fff4   00000002  00000000  00000002  RWIX
  INT11                 0000fff6   00000002  00000000  00000002  RWIX
  INT12                 0000fff8   00000002  00000000  00000002  RWIX
  INT13                 0000fffa   00000002  00000002  00000000  RWIX
  INT14                 0000fffc   00000002  00000000  00000002  RWIX
  RESET                 0000fffe   00000002  00000002  00000000  RWIX


SECTION ALLOCATION MAP

 output                                  attributes/
section   page    origin      length       input sections
--------  ----  ----------  ----------   ----------------
.pinit     0    00008000    00000000     UNINITIALIZED

.bss       0    00000200    0000025a     UNINITIALIZED
                  00000200    00000204     uart.obj (.bss)
                  00000404    0000002e     mrfi.obj (.bss)
                  00000432    00000016     process.obj (.bss)
                  00000448    00000008     rts430.lib : memory.obj (.bss)
                  00000450    00000004                : _lock.obj (.bss)
                  00000454    00000004                : boot.obj (.bss)
                  00000458    00000002     3140.obj (.bss)

.sysmem    0    0000045c    00000050     UNINITIALIZED
                  0000045c    00000004     rts430.lib : memory.obj (.sysmem)
                  00000460    0000004c     --HOLE--

.stack     0    000005b0    00000050     UNINITIALIZED
                  000005b0    00000002     rts430.lib : boot.obj (.stack)
                  000005b2    0000004e     --HOLE--

.text      0    00008000    000024a0     
                  00008000    000003ce     process.obj (.text:process_select)
                  000083ce    00000216     rts430.lib : _printfi.obj (.text:_setfield)
                  000085e4    000001b6                : _printfi.obj (.text:_printfi)
                  0000879a    0000017c     interface.obj (.text:main)
                  00008916    00000168     rts430.lib : _printfi.obj (.text:ecvt)
                  00008a7e    00000160                : _printfi.obj (.text:fcvt)
                  00008bde    00000154                : _printfi.obj (.text:_pconv_e)
                  00008d32    00000118                : fs_add.obj (.text)
                  00008e4a    00000102                : _printfi.obj (.text:_pconv_g)
                  00008f4c    00000100                : _printfi.obj (.text:_getarg_diouxp)
                  0000904c    000000fe     process.obj (.text:TBC_ISR)
                  0000914a    000000fe     rts430.lib : _printfi.obj (.text:_pproc_fwp)
                  00009248    000000f2                : _printfi.obj (.text:_pproc_diouxp)
                  0000933a    000000ea     mrfi.obj (.text:Mrfi_SyncPinRxIsr)
                  00009424    000000de     uart.obj (.text:USCI0RX_ISR)
                  00009502    000000ac     rts430.lib : _printfi.obj (.text:_pproc_str)
                  000095ae    000000ac     mrfi.obj (.text:spiBurstFifoAccess)
                  0000965a    000000aa     rts430.lib : fs_mpy.obj (.text)
                  00009704    000000a8                : memory.obj (.text:malloc)
                  000097ac    0000009a                : fs_div.obj (.text)
                  00009846    00000096                : _printfi.obj (.text:_ltostr)
                  000098dc    00000090                : _printfi.obj (.text:_mcpy)
                  0000996c    00000086                : _printfi.obj (.text:_pproc_fge)
                  000099f2    00000084                : ltoa.obj (.text:ltoa)
                  00009a76    00000080                : memory.obj (.text:free)
                  00009af6    0000007e                : fs_tol.obj (.text)
                  00009b74    0000007a                : _printfi.obj (.text:_ecpy)
                  00009bee    00000074                : _printfi.obj (.text:_pconv_f)
                  00009c62    00000070     mrfi.obj (.text:MRFI_RxAddrIsFiltered)
                  00009cd2    0000006e     rts430.lib : lsr32.obj (.text)
                  00009d40    0000005e     mrfi.obj (.text:spiRegAccess)
                  00009d9e    0000005c     3140.obj (.text)
                  00009dfa    0000005c     mrfi.obj (.text:mrfiSpiCmdStrobe)
                  00009e56    00000058     rts430.lib : div32u.obj (.text)
                  00009eae    00000054                : atoi.obj (.text:atoi)
                  00009f02    0000004e                : _printfi.obj (.text:_fcpy)
                  00009f50    0000004e                : asr32.obj (.text)
                  00009f9e    0000004c     mrfi.obj (.text:Mrfi_CalculateRssi)
                  00009fea    0000004c     rts430.lib : lsr16.obj (.text)
                  0000a036    0000004a                : fs_cmp.obj (.text)
                  0000a080    0000004a                : fs_ltof.obj (.text)
                  0000a0ca    00000046                : autoinit.obj (.text:_auto_init)
                  0000a110    00000046                : fs_tou.obj (.text)
                  0000a156    00000044                : _printfi.obj (.text:_pproc_fflags)
                  0000a19a    00000040                : div32s.obj (.text)
                  0000a1da    0000003a                : memory.obj (.text:minit)
                  0000a214    00000038                : sprintf.obj (.text:sprintf)
                  0000a24c    00000034                : _printfi.obj (.text:_div)
                  0000a280    00000030     uart.obj (.text:uart_puts)
                  0000a2b0    0000002c     rts430.lib : div16s.obj (.text)
                  0000a2dc    00000028                : memccpy.obj (.text:memccpy)
                  0000a304    00000026                : boot.obj (.text:_c_int00_noexit)
                  0000a32a    00000026     mrfi.obj (.text:mrfiSpiReadReg)
                  0000a350    00000026     rts430.lib : mult32.obj (.text)
                  0000a376    0000001c     mrfi.obj (.text:MRFI_GpioIsr)
                  0000a392    0000001c     mrfi.obj (.text:mrfiSpiReadRxFifo)
                  0000a3ae    0000001a     mrfi.obj (.text:BSP_GpioPort1Isr)
                  0000a3c8    0000001a     rts430.lib : sprintf.obj (.text:_outs)
                  0000a3e2    00000016                : div16u.obj (.text)
                  0000a3f8    00000014                : memset.obj (.text:memset)
                  0000a40c    00000014                : mult16.obj (.text)
                  0000a420    00000014     uart.obj (.text:uart_putc)
                  0000a434    00000012     rts430.lib : sprintf.obj (.text:_outc)
                  0000a446    00000012                : memcpy.obj (.text:memcpy)
                  0000a458    00000012                : strlen.obj (.text:strlen)
                  0000a46a    00000010                : epilog.obj (.text)
                  0000a47a    0000000a     bsp.obj (.text:_system_pre_init)
                  0000a484    0000000a     rts430.lib : abs.obj (.text:abs)
                  0000a48e    0000000a                : fs_neg.obj (.text)
                  0000a498    00000004                : exit.obj (.text:abort)
                  0000a49c    00000002     uart.obj (.text:MRFI_RxCompleteISR)
                  0000a49e    00000002     rts430.lib : _lock.obj (.text:_nop)

.const     0    0000a4a0    000001d6     
                  0000a4a0    00000101     rts430.lib : ctype.obj (.const:_ctypes_)
                  0000a5a1    00000001     --HOLE-- [fill = 0]
                  0000a5a2    00000056     interface.obj (.const:.string)
                  0000a5f8    00000056     uart.obj (.const:.string)
                  0000a64e    00000024     rts430.lib : _printfi.obj (.const:.string)
                  0000a672    00000004     mrfi.obj (.const:mrfiBroadcastAddr)

.cinit     0    0000a676    00000076     
                  0000a676    00000036     process.obj (.cinit)
                  0000a6ac    0000002f     mrfi.obj (.cinit)
                  0000a6db    00000001     --HOLE-- [fill = 0]
                  0000a6dc    00000006     rts430.lib : memory.obj (.cinit)
                  0000a6e2    00000006     uart.obj (.cinit)
                  0000a6e8    00000004     --HOLE-- [fill = 0]

.int03     0    0000ffe6    00000002     
                  0000ffe6    00000002     mrfi.obj (.int03)

.int07     0    0000ffee    00000002     
                  0000ffee    00000002     uart.obj (.int07)

.int09     0    0000fff2    00000002     
                  0000fff2    00000002     3140.obj (.int09)

.int13     0    0000fffa    00000002     
                  0000fffa    00000002     process.obj (.int13)

.reset     0    0000fffe    00000002     
                  0000fffe    00000002     rts430.lib : boot.obj (.reset)


GLOBAL SYMBOLS: SORTED ALPHABETICALLY BY Name 

address    name
--------   ----
00000200   .bss
00008000   .text
0000004a   ADC10AE0
0000004b   ADC10AE1
000001b0   ADC10CTL0
000001b2   ADC10CTL1
00000048   ADC10DTC0
00000049   ADC10DTC1
000001b4   ADC10MEM
000001bc   ADC10SA
00000057   BCSCTL1
00000058   BCSCTL2
00000053   BCSCTL3
0000a3ae   BSP_GpioPort1Isr
0000a498   C$$EXIT
000010fb   CALBC1_12MHZ
000010f9   CALBC1_16MHZ
000010ff   CALBC1_1MHZ
000010fd   CALBC1_8MHZ
000010fa   CALDCO_12MHZ
000010f8   CALDCO_16MHZ
000010fe   CALDCO_1MHZ
000010fc   CALDCO_8MHZ
00000056   DCOCTL
00000128   FCTL1
0000012a   FCTL2
0000012c   FCTL3
00000000   IE1
00000001   IE2
00000002   IFG1
00000003   IFG2
00009fea   I_LSR
0000a030   I_LSR_1
0000a00c   I_LSR_10
0000a008   I_LSR_11
0000a004   I_LSR_12
0000a000   I_LSR_13
00009ffc   I_LSR_14
00009ff8   I_LSR_15
0000a02c   I_LSR_2
0000a028   I_LSR_3
0000a024   I_LSR_4
0000a020   I_LSR_5
0000a01c   I_LSR_6
0000a018   I_LSR_7
0000a014   I_LSR_8
0000a010   I_LSR_9
00009f50   L_ASR
00009f98   L_ASR_1
00009f74   L_ASR_10
00009f70   L_ASR_11
00009f6c   L_ASR_12
00009f68   L_ASR_13
00009f64   L_ASR_14
00009f60   L_ASR_15
00009f94   L_ASR_2
00009f90   L_ASR_3
00009f8c   L_ASR_4
00009f88   L_ASR_5
00009f84   L_ASR_6
00009f80   L_ASR_7
00009f7c   L_ASR_8
00009f78   L_ASR_9
00009cd2   L_LSR
00009d38   L_LSR_1
00009d02   L_LSR_10
00009cfc   L_LSR_11
00009cf6   L_LSR_12
00009cf0   L_LSR_13
00009cea   L_LSR_14
00009ce4   L_LSR_15
00009d32   L_LSR_2
00009d2c   L_LSR_3
00009d26   L_LSR_4
00009d20   L_LSR_5
00009d1a   L_LSR_6
00009d14   L_LSR_7
00009d0e   L_LSR_8
00009d08   L_LSR_9
0000a376   MRFI_GpioIsr
00009c62   MRFI_RxAddrIsFiltered
0000a49c   MRFI_RxCompleteISR
000000c0   OA0CTL0
000000c1   OA0CTL1
000000c2   OA1CTL0
000000c3   OA1CTL1
00000022   P1DIR
00000025   P1IE
00000024   P1IES
00000023   P1IFG
00000020   P1IN
00000021   P1OUT
00000027   P1REN
00000026   P1SEL
0000002a   P2DIR
0000002d   P2IE
0000002c   P2IES
0000002b   P2IFG
00000028   P2IN
00000029   P2OUT
0000002f   P2REN
0000002e   P2SEL
0000001a   P3DIR
00000018   P3IN
00000019   P3OUT
00000010   P3REN
0000001b   P3SEL
0000001e   P4DIR
0000001c   P4IN
0000001d   P4OUT
00000011   P4REN
0000001f   P4SEL
00000172   TACCR0
00000174   TACCR1
00000176   TACCR2
00000162   TACCTL0
00000164   TACCTL1
00000166   TACCTL2
00000160   TACTL
0000012e   TAIV
00000170   TAR
00000192   TBCCR0
00000194   TBCCR1
00000196   TBCCR2
00000182   TBCCTL0
00000184   TBCCTL1
00000186   TBCCTL2
00000180   TBCTL
0000904c   TBC_ISR
0000011e   TBIV
00000190   TBR
0000005d   UCA0ABCTL
00000062   UCA0BR0
00000063   UCA0BR1
00000060   UCA0CTL0
00000061   UCA0CTL1
0000005f   UCA0IRRCTL
0000005e   UCA0IRTCTL
00000064   UCA0MCTL
00000066   UCA0RXBUF
00000065   UCA0STAT
00000067   UCA0TXBUF
0000006a   UCB0BR0
0000006b   UCB0BR1
00000068   UCB0CTL0
00000069   UCB0CTL1
0000006c   UCB0I2CIE
00000118   UCB0I2COA
0000011a   UCB0I2CSA
0000006e   UCB0RXBUF
0000006d   UCB0STAT
0000006f   UCB0TXBUF
00009424   USCI0RX_ISR
00000120   WDTCTL
00000600   __STACK_END
00000050   __STACK_SIZE
00000050   __SYSMEM_SIZE
00000001   __TI_args_main
00000001   __TI_auto_init
00000001   __TI_exit
ffffffff   __binit__
00000200   __bss__
ffffffff   __c_args__
0000a676   __cinit__
0000a2b0   __divi
0000a19a   __divli
0000a3e2   __divu
00009e56   __divul
0000045a   __end__
0000a4a0   __etext__
00008d38   __fs_add
0000a036   __fs_cmp
000097ac   __fs_div
0000a080   __fs_ltof
0000965a   __fs_mpy
0000a48e   __fs_neg
00008d32   __fs_sub
00009af6   __fs_tol
0000a110   __fs_tou
0000a40c   __mpyi
0000a350   __mpyl
ffffffff   __pinit__
0000a2b0   __remi
0000a19a   __remli
0000a3e2   __remu
00009e56   __remul
00008000   __text__
0000a0ca   _auto_init
0000a304   _c_int00
0000a304   _c_int00_noexit
00000454   _cleanup_ptr
0000a4a0   _ctypes_
00000456   _dtors_ptr
00000450   _lock
0000a49e   _nop
000085e4   _printfi
0000fffe   _reset_vector
000005b0   _stack
0000045c   _sys_memory
0000a47a   _system_pre_init
00000452   _unlock
0000a498   abort
0000a484   abs
00000444   add_realtime
00000302   another
00009eae   atoi
ffffffff   binit
0000a676   cinit
00000432   current_process
0000043c   current_time
0000045a   end
0000a4a0   etext
00009a76   free
0000a476   func_epilog_1
0000a474   func_epilog_2
0000a472   func_epilog_3
0000a470   func_epilog_4
0000a46e   func_epilog_5
0000a46c   func_epilog_6
0000a46a   func_epilog_7
00000434   head
00000436   holder
00000200   index
000099f2   ltoa
0000879a   main
00009704   malloc
0000a2dc   memccpy
0000a446   memcpy
0000a3f8   memset
0000a1da   minit
0000a672   mrfiBroadcastAddr
00009dfa   mrfiSpiCmdStrobe
0000a32a   mrfiSpiReadReg
0000a392   mrfiSpiReadRxFifo
00000202   out
ffffffff   pinit
00009da4   process_begin
00009dae   process_blocked
00000446   process_deadline_miss
00008000   process_select
00009d9e   process_terminated
00000440   realtime_current
00000442   realtime_queue
00000402   root
0000a214   sprintf
0000a458   strlen
0000a420   uart_putc
0000a280   uart_puts
0000043a   waiter_curr
00000438   waiter_first


GLOBAL SYMBOLS: SORTED BY Symbol Address 

address    name
--------   ----
00000000   IE1
00000001   IE2
00000001   __TI_args_main
00000001   __TI_auto_init
00000001   __TI_exit
00000002   IFG1
00000003   IFG2
00000010   P3REN
00000011   P4REN
00000018   P3IN
00000019   P3OUT
0000001a   P3DIR
0000001b   P3SEL
0000001c   P4IN
0000001d   P4OUT
0000001e   P4DIR
0000001f   P4SEL
00000020   P1IN
00000021   P1OUT
00000022   P1DIR
00000023   P1IFG
00000024   P1IES
00000025   P1IE
00000026   P1SEL
00000027   P1REN
00000028   P2IN
00000029   P2OUT
0000002a   P2DIR
0000002b   P2IFG
0000002c   P2IES
0000002d   P2IE
0000002e   P2SEL
0000002f   P2REN
00000048   ADC10DTC0
00000049   ADC10DTC1
0000004a   ADC10AE0
0000004b   ADC10AE1
00000050   __STACK_SIZE
00000050   __SYSMEM_SIZE
00000053   BCSCTL3
00000056   DCOCTL
00000057   BCSCTL1
00000058   BCSCTL2
0000005d   UCA0ABCTL
0000005e   UCA0IRTCTL
0000005f   UCA0IRRCTL
00000060   UCA0CTL0
00000061   UCA0CTL1
00000062   UCA0BR0
00000063   UCA0BR1
00000064   UCA0MCTL
00000065   UCA0STAT
00000066   UCA0RXBUF
00000067   UCA0TXBUF
00000068   UCB0CTL0
00000069   UCB0CTL1
0000006a   UCB0BR0
0000006b   UCB0BR1
0000006c   UCB0I2CIE
0000006d   UCB0STAT
0000006e   UCB0RXBUF
0000006f   UCB0TXBUF
000000c0   OA0CTL0
000000c1   OA0CTL1
000000c2   OA1CTL0
000000c3   OA1CTL1
00000118   UCB0I2COA
0000011a   UCB0I2CSA
0000011e   TBIV
00000120   WDTCTL
00000128   FCTL1
0000012a   FCTL2
0000012c   FCTL3
0000012e   TAIV
00000160   TACTL
00000162   TACCTL0
00000164   TACCTL1
00000166   TACCTL2
00000170   TAR
00000172   TACCR0
00000174   TACCR1
00000176   TACCR2
00000180   TBCTL
00000182   TBCCTL0
00000184   TBCCTL1
00000186   TBCCTL2
00000190   TBR
00000192   TBCCR0
00000194   TBCCR1
00000196   TBCCR2
000001b0   ADC10CTL0
000001b2   ADC10CTL1
000001b4   ADC10MEM
000001bc   ADC10SA
00000200   .bss
00000200   __bss__
00000200   index
00000202   out
00000302   another
00000402   root
00000432   current_process
00000434   head
00000436   holder
00000438   waiter_first
0000043a   waiter_curr
0000043c   current_time
00000440   realtime_current
00000442   realtime_queue
00000444   add_realtime
00000446   process_deadline_miss
00000450   _lock
00000452   _unlock
00000454   _cleanup_ptr
00000456   _dtors_ptr
0000045a   __end__
0000045a   end
0000045c   _sys_memory
000005b0   _stack
00000600   __STACK_END
000010f8   CALDCO_16MHZ
000010f9   CALBC1_16MHZ
000010fa   CALDCO_12MHZ
000010fb   CALBC1_12MHZ
000010fc   CALDCO_8MHZ
000010fd   CALBC1_8MHZ
000010fe   CALDCO_1MHZ
000010ff   CALBC1_1MHZ
00008000   .text
00008000   __text__
00008000   process_select
000085e4   _printfi
0000879a   main
00008d32   __fs_sub
00008d38   __fs_add
0000904c   TBC_ISR
00009424   USCI0RX_ISR
0000965a   __fs_mpy
00009704   malloc
000097ac   __fs_div
000099f2   ltoa
00009a76   free
00009af6   __fs_tol
00009c62   MRFI_RxAddrIsFiltered
00009cd2   L_LSR
00009ce4   L_LSR_15
00009cea   L_LSR_14
00009cf0   L_LSR_13
00009cf6   L_LSR_12
00009cfc   L_LSR_11
00009d02   L_LSR_10
00009d08   L_LSR_9
00009d0e   L_LSR_8
00009d14   L_LSR_7
00009d1a   L_LSR_6
00009d20   L_LSR_5
00009d26   L_LSR_4
00009d2c   L_LSR_3
00009d32   L_LSR_2
00009d38   L_LSR_1
00009d9e   process_terminated
00009da4   process_begin
00009dae   process_blocked
00009dfa   mrfiSpiCmdStrobe
00009e56   __divul
00009e56   __remul
00009eae   atoi
00009f50   L_ASR
00009f60   L_ASR_15
00009f64   L_ASR_14
00009f68   L_ASR_13
00009f6c   L_ASR_12
00009f70   L_ASR_11
00009f74   L_ASR_10
00009f78   L_ASR_9
00009f7c   L_ASR_8
00009f80   L_ASR_7
00009f84   L_ASR_6
00009f88   L_ASR_5
00009f8c   L_ASR_4
00009f90   L_ASR_3
00009f94   L_ASR_2
00009f98   L_ASR_1
00009fea   I_LSR
00009ff8   I_LSR_15
00009ffc   I_LSR_14
0000a000   I_LSR_13
0000a004   I_LSR_12
0000a008   I_LSR_11
0000a00c   I_LSR_10
0000a010   I_LSR_9
0000a014   I_LSR_8
0000a018   I_LSR_7
0000a01c   I_LSR_6
0000a020   I_LSR_5
0000a024   I_LSR_4
0000a028   I_LSR_3
0000a02c   I_LSR_2
0000a030   I_LSR_1
0000a036   __fs_cmp
0000a080   __fs_ltof
0000a0ca   _auto_init
0000a110   __fs_tou
0000a19a   __divli
0000a19a   __remli
0000a1da   minit
0000a214   sprintf
0000a280   uart_puts
0000a2b0   __divi
0000a2b0   __remi
0000a2dc   memccpy
0000a304   _c_int00
0000a304   _c_int00_noexit
0000a32a   mrfiSpiReadReg
0000a350   __mpyl
0000a376   MRFI_GpioIsr
0000a392   mrfiSpiReadRxFifo
0000a3ae   BSP_GpioPort1Isr
0000a3e2   __divu
0000a3e2   __remu
0000a3f8   memset
0000a40c   __mpyi
0000a420   uart_putc
0000a446   memcpy
0000a458   strlen
0000a46a   func_epilog_7
0000a46c   func_epilog_6
0000a46e   func_epilog_5
0000a470   func_epilog_4
0000a472   func_epilog_3
0000a474   func_epilog_2
0000a476   func_epilog_1
0000a47a   _system_pre_init
0000a484   abs
0000a48e   __fs_neg
0000a498   C$$EXIT
0000a498   abort
0000a49c   MRFI_RxCompleteISR
0000a49e   _nop
0000a4a0   __etext__
0000a4a0   _ctypes_
0000a4a0   etext
0000a672   mrfiBroadcastAddr
0000a676   __cinit__
0000a676   cinit
0000fffe   _reset_vector
ffffffff   __binit__
ffffffff   __c_args__
ffffffff   __pinit__
ffffffff   binit
ffffffff   pinit

[250 symbols]
