******************************************************************************
       MSP430 Evaluation Linker PC v3.2.1                      
******************************************************************************
>> Linked Wed May 02 17:03:56 2012

OUTPUT FILE NAME:   <radio_example.out>
ENTRY POINT SYMBOL: "_c_int00"  address: 0000aa7a


MEMORY CONFIGURATION

         name            origin    length      used     unused   attr    fill
----------------------  --------  ---------  --------  --------  ----  --------
  SFR                   00000000   00000010  00000000  00000010  RWIX
  PERIPHERALS_8BIT      00000010   000000f0  00000000  000000f0  RWIX
  PERIPHERALS_16BIT     00000100   00000100  00000000  00000100  RWIX
  RAM                   00000200   00000400  00000376  0000008a  RWIX
  INFOD                 00001000   00000040  00000000  00000040  RWIX
  INFOC                 00001040   00000040  00000000  00000040  RWIX
  INFOB                 00001080   00000040  00000000  00000040  RWIX
  INFOA                 000010c0   00000040  00000000  00000040  RWIX
  FLASH                 00008000   00007fde  0000303b  00004fa3  RWIX
  INT00                 0000ffe0   00000002  00000000  00000002  RWIX
  INT01                 0000ffe2   00000002  00000000  00000002  RWIX
  INT02                 0000ffe4   00000002  00000000  00000002  RWIX
  INT03                 0000ffe6   00000002  00000002  00000000  RWIX
  INT04                 0000ffe8   00000002  00000000  00000002  RWIX
  INT05                 0000ffea   00000002  00000000  00000002  RWIX
  INT06                 0000ffec   00000002  00000000  00000002  RWIX
  INT07                 0000ffee   00000002  00000002  00000000  RWIX
  INT08                 0000fff0   00000002  00000000  00000002  RWIX
  INT09                 0000fff2   00000002  00000002  00000000  RWIX
  INT10                 0000fff4   00000002  00000000  00000002  RWIX
  INT11                 0000fff6   00000002  00000000  00000002  RWIX
  INT12                 0000fff8   00000002  00000000  00000002  RWIX
  INT13                 0000fffa   00000002  00000002  00000000  RWIX
  INT14                 0000fffc   00000002  00000000  00000002  RWIX
  RESET                 0000fffe   00000002  00000002  00000000  RWIX


SECTION ALLOCATION MAP

 output                                  attributes/
section   page    origin      length       input sections
--------  ----  ----------  ----------   ----------------
.pinit     0    00008000    00000000     UNINITIALIZED

.bss       0    00000200    0000025e     UNINITIALIZED
                  00000200    00000204     uart.obj (.bss)
                  00000404    0000002e     mrfi.obj (.bss)
                  00000432    00000016     process.obj (.bss)
                  00000448    00000008     rts430.lib : memory.obj (.bss)
                  00000450    00000004     radio.obj (.bss)
                  00000454    00000004     rts430.lib : _lock.obj (.bss)
                  00000458    00000004                : boot.obj (.bss)
                  0000045c    00000002     3140.obj (.bss)

.sysmem    0    00000460    000000c8     UNINITIALIZED
                  00000460    00000004     rts430.lib : memory.obj (.sysmem)
                  00000464    000000c4     --HOLE--

.stack     0    000005b0    00000050     UNINITIALIZED
                  000005b0    00000002     rts430.lib : boot.obj (.stack)
                  000005b2    0000004e     --HOLE--

.text      0    00008000    00002d5a     
                  00008000    000003ce     process.obj (.text:process_select)
                  000083ce    00000216     rts430.lib : _printfi.obj (.text:_setfield)
                  000085e4    00000200     mrfi.obj (.text:MRFI_Init)
                  000087e4    000001b6     rts430.lib : _printfi.obj (.text:_printfi)
                  0000899a    00000198     interface.obj (.text:interface_loop)
                  00008b32    00000168     rts430.lib : _printfi.obj (.text:ecvt)
                  00008c9a    00000160                : _printfi.obj (.text:fcvt)
                  00008dfa    00000154                : _printfi.obj (.text:_pconv_e)
                  00008f4e    0000011e     mrfi.obj (.text:MRFI_Transmit)
                  0000906c    00000118     rts430.lib : fs_add.obj (.text)
                  00009184    00000102                : _printfi.obj (.text:_pconv_g)
                  00009286    00000100                : _printfi.obj (.text:_getarg_diouxp)
                  00009386    000000fe     process.obj (.text:TBC_ISR)
                  00009484    000000fe     rts430.lib : _printfi.obj (.text:_pproc_fwp)
                  00009582    000000f2                : _printfi.obj (.text:_pproc_diouxp)
                  00009674    000000ea     mrfi.obj (.text:Mrfi_SyncPinRxIsr)
                  0000975e    000000d8     uart.obj (.text:USCI0RX_ISR)
                  00009836    000000ac     rts430.lib : _printfi.obj (.text:_pproc_str)
                  000098e2    000000ac     mrfi.obj (.text:spiBurstFifoAccess)
                  0000998e    000000aa     rts430.lib : fs_mpy.obj (.text)
                  00009a38    000000a8                : memory.obj (.text:malloc)
                  00009ae0    0000009e     simple_send_app.obj (.text:send_message)
                  00009b7e    0000009a     uart.obj (.text:init_uart)
                  00009c18    0000009a     rts430.lib : fs_div.obj (.text)
                  00009cb2    00000096                : _printfi.obj (.text:_ltostr)
                  00009d48    00000090                : _printfi.obj (.text:_mcpy)
                  00009dd8    00000086                : _printfi.obj (.text:_pproc_fge)
                  00009e5e    00000084                : ltoa.obj (.text:ltoa)
                  00009ee2    00000080                : memory.obj (.text:free)
                  00009f62    0000007e                : fs_tol.obj (.text)
                  00009fe0    0000007a                : _printfi.obj (.text:_ecpy)
                  0000a05a    00000074                : _printfi.obj (.text:_pconv_f)
                  0000a0ce    00000070     mrfi.obj (.text:MRFI_RxAddrIsFiltered)
                  0000a13e    0000006e     rts430.lib : lsr32.obj (.text)
                  0000a1ac    0000005e     mrfi.obj (.text:spiRegAccess)
                  0000a20a    0000005c     3140.obj (.text)
                  0000a266    0000005c     mrfi.obj (.text:mrfiSpiCmdStrobe)
                  0000a2c2    00000058     rts430.lib : div32u.obj (.text)
                  0000a31a    00000054     mrfi.obj (.text:MRFI_WakeUp)
                  0000a36e    00000054     rts430.lib : atoi.obj (.text:atoi)
                  0000a3c2    0000004e                : _printfi.obj (.text:_fcpy)
                  0000a410    0000004e                : asr32.obj (.text)
                  0000a45e    0000004c     mrfi.obj (.text:Mrfi_CalculateRssi)
                  0000a4aa    0000004c     rts430.lib : lsr16.obj (.text)
                  0000a4f6    0000004a                : fs_cmp.obj (.text)
                  0000a540    0000004a                : fs_ltof.obj (.text)
                  0000a58a    00000048     interface.obj (.text:main)
                  0000a5d2    00000046     rts430.lib : autoinit.obj (.text:_auto_init)
                  0000a618    00000046                : fs_tou.obj (.text)
                  0000a65e    00000044                : _printfi.obj (.text:_pproc_fflags)
                  0000a6a2    00000042     mrfi.obj (.text:MRFI_SetRxAddrFilter)
                  0000a6e4    00000040     mrfi.obj (.text:Mrfi_DelayUsec)
                  0000a724    00000040     rts430.lib : div32s.obj (.text)
                  0000a764    0000003e     simple_receive_app.obj (.text:receive_message)
                  0000a7a2    0000003a     rts430.lib : memory.obj (.text:minit)
                  0000a7dc    00000038                : sprintf.obj (.text:sprintf)
                  0000a814    00000036     mrfi.obj (.text:MRFI_SetRFPwr)
                  0000a84a    00000034     mrfi.obj (.text:MRFI_SetLogicalChannel)
                  0000a87e    00000034     rts430.lib : _printfi.obj (.text:_div)
                  0000a8b2    00000034     mrfi.obj (.text:mrfiSpiInit)
                  0000a8e6    00000034     interface.obj (.text:sleep)
                  0000a91a    00000030     bsp.obj (.text:BSP_Init)
                  0000a94a    00000030     uart.obj (.text:uart_puts)
                  0000a97a    0000002c     mrfi.obj (.text:Mrfi_RandomBackoffDelay)
                  0000a9a6    0000002c     mrfi.obj (.text:Mrfi_RxModeOff)
                  0000a9d2    0000002c     mrfi.obj (.text:mrfiSpiWriteReg)
                  0000a9fe    0000002c     rts430.lib : div16s.obj (.text)
                  0000aa2a    00000028     bsp.obj (.text:BSP_Delay)
                  0000aa52    00000028     rts430.lib : memccpy.obj (.text:memccpy)
                  0000aa7a    00000026                : boot.obj (.text:_c_int00_noexit)
                  0000aaa0    00000026     mrfi.obj (.text:mrfiSpiReadReg)
                  0000aac6    00000026     rts430.lib : mult32.obj (.text)
                  0000aaec    00000022     uart.obj (.text:uart_clear_screen)
                  0000ab0e    00000020     mrfi.obj (.text:MRFI_EnableRxAddrFilter)
                  0000ab2e    00000020     mrfi.obj (.text:MRFI_RxOn)
                  0000ab4e    0000001e     mrfi.obj (.text:mrfiSpiWriteTxFifo)
                  0000ab6c    0000001c     bsp.obj (.text:BSP_InitBoard)
                  0000ab88    0000001c     mrfi.obj (.text:MRFI_GpioIsr)
                  0000aba4    0000001c     mrfi.obj (.text:mrfiSpiReadRxFifo)
                  0000abc0    0000001a     mrfi.obj (.text:BSP_GpioPort1Isr)
                  0000abda    0000001a     rts430.lib : sprintf.obj (.text:_outs)
                  0000abf4    00000018                : strcmp.obj (.text:strcmp)
                  0000ac0c    00000016     mrfi.obj (.text:MRFI_RandomByte)
                  0000ac22    00000016     mrfi.obj (.text:MRFI_Receive)
                  0000ac38    00000016     mrfi.obj (.text:Mrfi_RxModeOn)
                  0000ac4e    00000016     rts430.lib : div16u.obj (.text)
                  0000ac64    00000016                : strcpy.obj (.text:strcpy)
                  0000ac7a    00000014     simple_receive_app.obj (.text:MRFI_RxCompleteISR)
                  0000ac8e    00000014     rts430.lib : memset.obj (.text:memset)
                  0000aca2    00000014                : mult16.obj (.text)
                  0000acb6    00000014     uart.obj (.text:uart_putc)
                  0000acca    00000012     bsp.obj (.text:BSP_InitLeds)
                  0000acdc    00000012     rts430.lib : sprintf.obj (.text:_outc)
                  0000acee    00000012                : memcpy.obj (.text:memcpy)
                  0000ad00    00000012                : strlen.obj (.text:strlen)
                  0000ad12    00000010                : epilog.obj (.text)
                  0000ad22    0000000a     bsp.obj (.text:BSP_InitButtons)
                  0000ad2c    0000000a     bsp.obj (.text:BSP_InitDrivers)
                  0000ad36    0000000a     bsp.obj (.text:_system_pre_init)
                  0000ad40    0000000a     rts430.lib : abs.obj (.text:abs)
                  0000ad4a    0000000a                : fs_neg.obj (.text)
                  0000ad54    00000004                : exit.obj (.text:abort)
                  0000ad58    00000002                : _lock.obj (.text:_nop)

.const     0    0000ad5a    00000263     
                  0000ad5a    00000101     rts430.lib : ctype.obj (.const:_ctypes_)
                  0000ae5b    00000001     --HOLE-- [fill = 0]
                  0000ae5c    000000a2     interface.obj (.const:.string)
                  0000aefe    0000004c     uart.obj (.const:.string)
                  0000af4a    0000003c     mrfi.obj (.const:mrfiRadioCfg)
                  0000af86    00000024     rts430.lib : _printfi.obj (.const:.string)
                  0000afaa    00000004     simple_receive_app.obj (.const:$P$T0$1)
                  0000afae    00000004     simple_send_app.obj (.const:.string)
                  0000afb2    00000004     mrfi.obj (.const:mrfiBroadcastAddr)
                  0000afb6    00000004     mrfi.obj (.const:mrfiLogicalChanTable)
                  0000afba    00000003     mrfi.obj (.const:mrfiRFPowerTable)

.cinit     0    0000afbe    0000007e     
                  0000afbe    00000036     process.obj (.cinit)
                  0000aff4    0000002f     mrfi.obj (.cinit)
                  0000b023    00000001     --HOLE-- [fill = 0]
                  0000b024    00000006     radio.obj (.cinit)
                  0000b02a    00000006     rts430.lib : memory.obj (.cinit)
                  0000b030    00000006     uart.obj (.cinit)
                  0000b036    00000002     --HOLE-- [fill = 0]
                  0000b038    00000004     (.pad.cinit) [fill = 0]

.int03     0    0000ffe6    00000002     
                  0000ffe6    00000002     mrfi.obj (.int03)

.int07     0    0000ffee    00000002     
                  0000ffee    00000002     uart.obj (.int07)

.int09     0    0000fff2    00000002     
                  0000fff2    00000002     3140.obj (.int09)

.int13     0    0000fffa    00000002     
                  0000fffa    00000002     process.obj (.int13)

.reset     0    0000fffe    00000002     
                  0000fffe    00000002     rts430.lib : boot.obj (.reset)


GLOBAL SYMBOLS: SORTED ALPHABETICALLY BY Name 

address    name
--------   ----
00000200   .bss
00008000   .text
0000004a   ADC10AE0
0000004b   ADC10AE1
000001b0   ADC10CTL0
000001b2   ADC10CTL1
00000048   ADC10DTC0
00000049   ADC10DTC1
000001b4   ADC10MEM
000001bc   ADC10SA
00000057   BCSCTL1
00000058   BCSCTL2
00000053   BCSCTL3
0000aa2a   BSP_Delay
0000abc0   BSP_GpioPort1Isr
0000a91a   BSP_Init
0000ab6c   BSP_InitBoard
0000ad22   BSP_InitButtons
0000ad2c   BSP_InitDrivers
0000acca   BSP_InitLeds
0000ad54   C$$EXIT
000010fb   CALBC1_12MHZ
000010f9   CALBC1_16MHZ
000010ff   CALBC1_1MHZ
000010fd   CALBC1_8MHZ
000010fa   CALDCO_12MHZ
000010f8   CALDCO_16MHZ
000010fe   CALDCO_1MHZ
000010fc   CALDCO_8MHZ
00000056   DCOCTL
00000128   FCTL1
0000012a   FCTL2
0000012c   FCTL3
00000000   IE1
00000001   IE2
00000002   IFG1
00000003   IFG2
0000a4aa   I_LSR
0000a4f0   I_LSR_1
0000a4cc   I_LSR_10
0000a4c8   I_LSR_11
0000a4c4   I_LSR_12
0000a4c0   I_LSR_13
0000a4bc   I_LSR_14
0000a4b8   I_LSR_15
0000a4ec   I_LSR_2
0000a4e8   I_LSR_3
0000a4e4   I_LSR_4
0000a4e0   I_LSR_5
0000a4dc   I_LSR_6
0000a4d8   I_LSR_7
0000a4d4   I_LSR_8
0000a4d0   I_LSR_9
0000a410   L_ASR
0000a458   L_ASR_1
0000a434   L_ASR_10
0000a430   L_ASR_11
0000a42c   L_ASR_12
0000a428   L_ASR_13
0000a424   L_ASR_14
0000a420   L_ASR_15
0000a454   L_ASR_2
0000a450   L_ASR_3
0000a44c   L_ASR_4
0000a448   L_ASR_5
0000a444   L_ASR_6
0000a440   L_ASR_7
0000a43c   L_ASR_8
0000a438   L_ASR_9
0000a13e   L_LSR
0000a1a4   L_LSR_1
0000a16e   L_LSR_10
0000a168   L_LSR_11
0000a162   L_LSR_12
0000a15c   L_LSR_13
0000a156   L_LSR_14
0000a150   L_LSR_15
0000a19e   L_LSR_2
0000a198   L_LSR_3
0000a192   L_LSR_4
0000a18c   L_LSR_5
0000a186   L_LSR_6
0000a180   L_LSR_7
0000a17a   L_LSR_8
0000a174   L_LSR_9
0000ab0e   MRFI_EnableRxAddrFilter
0000ab88   MRFI_GpioIsr
000085e4   MRFI_Init
0000ac0c   MRFI_RandomByte
0000ac22   MRFI_Receive
0000a0ce   MRFI_RxAddrIsFiltered
0000ac7a   MRFI_RxCompleteISR
0000ab2e   MRFI_RxOn
0000a84a   MRFI_SetLogicalChannel
0000a814   MRFI_SetRFPwr
0000a6a2   MRFI_SetRxAddrFilter
00008f4e   MRFI_Transmit
0000a31a   MRFI_WakeUp
000000c0   OA0CTL0
000000c1   OA0CTL1
000000c2   OA1CTL0
000000c3   OA1CTL1
00000022   P1DIR
00000025   P1IE
00000024   P1IES
00000023   P1IFG
00000020   P1IN
00000021   P1OUT
00000027   P1REN
00000026   P1SEL
0000002a   P2DIR
0000002d   P2IE
0000002c   P2IES
0000002b   P2IFG
00000028   P2IN
00000029   P2OUT
0000002f   P2REN
0000002e   P2SEL
0000001a   P3DIR
00000018   P3IN
00000019   P3OUT
00000010   P3REN
0000001b   P3SEL
0000001e   P4DIR
0000001c   P4IN
0000001d   P4OUT
00000011   P4REN
0000001f   P4SEL
00000172   TACCR0
00000174   TACCR1
00000176   TACCR2
00000162   TACCTL0
00000164   TACCTL1
00000166   TACCTL2
00000160   TACTL
0000012e   TAIV
00000170   TAR
00000192   TBCCR0
00000194   TBCCR1
00000196   TBCCR2
00000182   TBCCTL0
00000184   TBCCTL1
00000186   TBCCTL2
00000180   TBCTL
00009386   TBC_ISR
0000011e   TBIV
00000190   TBR
0000005d   UCA0ABCTL
00000062   UCA0BR0
00000063   UCA0BR1
00000060   UCA0CTL0
00000061   UCA0CTL1
0000005f   UCA0IRRCTL
0000005e   UCA0IRTCTL
00000064   UCA0MCTL
00000066   UCA0RXBUF
00000065   UCA0STAT
00000067   UCA0TXBUF
0000006a   UCB0BR0
0000006b   UCB0BR1
00000068   UCB0CTL0
00000069   UCB0CTL1
0000006c   UCB0I2CIE
00000118   UCB0I2COA
0000011a   UCB0I2CSA
0000006e   UCB0RXBUF
0000006d   UCB0STAT
0000006f   UCB0TXBUF
0000975e   USCI0RX_ISR
00000120   WDTCTL
00000600   __STACK_END
00000050   __STACK_SIZE
000000c8   __SYSMEM_SIZE
00000001   __TI_args_main
00000001   __TI_auto_init
00000001   __TI_exit
ffffffff   __binit__
00000200   __bss__
ffffffff   __c_args__
0000afbe   __cinit__
0000a9fe   __divi
0000a724   __divli
0000ac4e   __divu
0000a2c2   __divul
0000045e   __end__
0000ad5a   __etext__
00009072   __fs_add
0000a4f6   __fs_cmp
00009c18   __fs_div
0000a540   __fs_ltof
0000998e   __fs_mpy
0000ad4a   __fs_neg
0000906c   __fs_sub
00009f62   __fs_tol
0000a618   __fs_tou
0000aca2   __mpyi
0000aac6   __mpyl
ffffffff   __pinit__
0000a9fe   __remi
0000a724   __remli
0000ac4e   __remu
0000a2c2   __remul
00008000   __text__
0000a5d2   _auto_init
0000aa7a   _c_int00
0000aa7a   _c_int00_noexit
00000458   _cleanup_ptr
0000ad5a   _ctypes_
0000045a   _dtors_ptr
00000454   _lock
0000ad58   _nop
000087e4   _printfi
0000fffe   _reset_vector
000005b0   _stack
00000460   _sys_memory
0000ad36   _system_pre_init
00000456   _unlock
0000ad54   abort
0000ad40   abs
00000444   add_realtime
00000302   another
0000a36e   atoi
ffffffff   binit
0000afbe   cinit
00000432   current_process
0000043c   current_time
0000045e   end
0000ad5a   etext
00009ee2   free
0000ad1e   func_epilog_1
0000ad1c   func_epilog_2
0000ad1a   func_epilog_3
0000ad18   func_epilog_4
0000ad16   func_epilog_5
0000ad14   func_epilog_6
0000ad12   func_epilog_7
00000434   head
00000436   holder
00000200   index
00009b7e   init_uart
0000899a   interface_loop
00000450   l
00009e5e   ltoa
0000a58a   main
00009a38   malloc
0000aa52   memccpy
0000acee   memcpy
0000ac8e   memset
0000a7a2   minit
0000afb2   mrfiBroadcastAddr
0000a266   mrfiSpiCmdStrobe
0000a8b2   mrfiSpiInit
0000aaa0   mrfiSpiReadReg
0000aba4   mrfiSpiReadRxFifo
0000a9d2   mrfiSpiWriteReg
0000ab4e   mrfiSpiWriteTxFifo
00000452   my_msp430_ptr
00000202   out
ffffffff   pinit
0000a210   process_begin
0000a21a   process_blocked
00000446   process_deadline_miss
00008000   process_select
0000a20a   process_terminated
00000440   realtime_current
00000442   realtime_queue
0000a764   receive_message
00000402   root
00009ae0   send_message
0000a8e6   sleep
0000a7dc   sprintf
0000abf4   strcmp
0000ac64   strcpy
0000ad00   strlen
0000aaec   uart_clear_screen
0000acb6   uart_putc
0000a94a   uart_puts
0000043a   waiter_curr
00000438   waiter_first


GLOBAL SYMBOLS: SORTED BY Symbol Address 

address    name
--------   ----
00000000   IE1
00000001   IE2
00000001   __TI_args_main
00000001   __TI_auto_init
00000001   __TI_exit
00000002   IFG1
00000003   IFG2
00000010   P3REN
00000011   P4REN
00000018   P3IN
00000019   P3OUT
0000001a   P3DIR
0000001b   P3SEL
0000001c   P4IN
0000001d   P4OUT
0000001e   P4DIR
0000001f   P4SEL
00000020   P1IN
00000021   P1OUT
00000022   P1DIR
00000023   P1IFG
00000024   P1IES
00000025   P1IE
00000026   P1SEL
00000027   P1REN
00000028   P2IN
00000029   P2OUT
0000002a   P2DIR
0000002b   P2IFG
0000002c   P2IES
0000002d   P2IE
0000002e   P2SEL
0000002f   P2REN
00000048   ADC10DTC0
00000049   ADC10DTC1
0000004a   ADC10AE0
0000004b   ADC10AE1
00000050   __STACK_SIZE
00000053   BCSCTL3
00000056   DCOCTL
00000057   BCSCTL1
00000058   BCSCTL2
0000005d   UCA0ABCTL
0000005e   UCA0IRTCTL
0000005f   UCA0IRRCTL
00000060   UCA0CTL0
00000061   UCA0CTL1
00000062   UCA0BR0
00000063   UCA0BR1
00000064   UCA0MCTL
00000065   UCA0STAT
00000066   UCA0RXBUF
00000067   UCA0TXBUF
00000068   UCB0CTL0
00000069   UCB0CTL1
0000006a   UCB0BR0
0000006b   UCB0BR1
0000006c   UCB0I2CIE
0000006d   UCB0STAT
0000006e   UCB0RXBUF
0000006f   UCB0TXBUF
000000c0   OA0CTL0
000000c1   OA0CTL1
000000c2   OA1CTL0
000000c3   OA1CTL1
000000c8   __SYSMEM_SIZE
00000118   UCB0I2COA
0000011a   UCB0I2CSA
0000011e   TBIV
00000120   WDTCTL
00000128   FCTL1
0000012a   FCTL2
0000012c   FCTL3
0000012e   TAIV
00000160   TACTL
00000162   TACCTL0
00000164   TACCTL1
00000166   TACCTL2
00000170   TAR
00000172   TACCR0
00000174   TACCR1
00000176   TACCR2
00000180   TBCTL
00000182   TBCCTL0
00000184   TBCCTL1
00000186   TBCCTL2
00000190   TBR
00000192   TBCCR0
00000194   TBCCR1
00000196   TBCCR2
000001b0   ADC10CTL0
000001b2   ADC10CTL1
000001b4   ADC10MEM
000001bc   ADC10SA
00000200   .bss
00000200   __bss__
00000200   index
00000202   out
00000302   another
00000402   root
00000432   current_process
00000434   head
00000436   holder
00000438   waiter_first
0000043a   waiter_curr
0000043c   current_time
00000440   realtime_current
00000442   realtime_queue
00000444   add_realtime
00000446   process_deadline_miss
00000450   l
00000452   my_msp430_ptr
00000454   _lock
00000456   _unlock
00000458   _cleanup_ptr
0000045a   _dtors_ptr
0000045e   __end__
0000045e   end
00000460   _sys_memory
000005b0   _stack
00000600   __STACK_END
000010f8   CALDCO_16MHZ
000010f9   CALBC1_16MHZ
000010fa   CALDCO_12MHZ
000010fb   CALBC1_12MHZ
000010fc   CALDCO_8MHZ
000010fd   CALBC1_8MHZ
000010fe   CALDCO_1MHZ
000010ff   CALBC1_1MHZ
00008000   .text
00008000   __text__
00008000   process_select
000085e4   MRFI_Init
000087e4   _printfi
0000899a   interface_loop
00008f4e   MRFI_Transmit
0000906c   __fs_sub
00009072   __fs_add
00009386   TBC_ISR
0000975e   USCI0RX_ISR
0000998e   __fs_mpy
00009a38   malloc
00009ae0   send_message
00009b7e   init_uart
00009c18   __fs_div
00009e5e   ltoa
00009ee2   free
00009f62   __fs_tol
0000a0ce   MRFI_RxAddrIsFiltered
0000a13e   L_LSR
0000a150   L_LSR_15
0000a156   L_LSR_14
0000a15c   L_LSR_13
0000a162   L_LSR_12
0000a168   L_LSR_11
0000a16e   L_LSR_10
0000a174   L_LSR_9
0000a17a   L_LSR_8
0000a180   L_LSR_7
0000a186   L_LSR_6
0000a18c   L_LSR_5
0000a192   L_LSR_4
0000a198   L_LSR_3
0000a19e   L_LSR_2
0000a1a4   L_LSR_1
0000a20a   process_terminated
0000a210   process_begin
0000a21a   process_blocked
0000a266   mrfiSpiCmdStrobe
0000a2c2   __divul
0000a2c2   __remul
0000a31a   MRFI_WakeUp
0000a36e   atoi
0000a410   L_ASR
0000a420   L_ASR_15
0000a424   L_ASR_14
0000a428   L_ASR_13
0000a42c   L_ASR_12
0000a430   L_ASR_11
0000a434   L_ASR_10
0000a438   L_ASR_9
0000a43c   L_ASR_8
0000a440   L_ASR_7
0000a444   L_ASR_6
0000a448   L_ASR_5
0000a44c   L_ASR_4
0000a450   L_ASR_3
0000a454   L_ASR_2
0000a458   L_ASR_1
0000a4aa   I_LSR
0000a4b8   I_LSR_15
0000a4bc   I_LSR_14
0000a4c0   I_LSR_13
0000a4c4   I_LSR_12
0000a4c8   I_LSR_11
0000a4cc   I_LSR_10
0000a4d0   I_LSR_9
0000a4d4   I_LSR_8
0000a4d8   I_LSR_7
0000a4dc   I_LSR_6
0000a4e0   I_LSR_5
0000a4e4   I_LSR_4
0000a4e8   I_LSR_3
0000a4ec   I_LSR_2
0000a4f0   I_LSR_1
0000a4f6   __fs_cmp
0000a540   __fs_ltof
0000a58a   main
0000a5d2   _auto_init
0000a618   __fs_tou
0000a6a2   MRFI_SetRxAddrFilter
0000a724   __divli
0000a724   __remli
0000a764   receive_message
0000a7a2   minit
0000a7dc   sprintf
0000a814   MRFI_SetRFPwr
0000a84a   MRFI_SetLogicalChannel
0000a8b2   mrfiSpiInit
0000a8e6   sleep
0000a91a   BSP_Init
0000a94a   uart_puts
0000a9d2   mrfiSpiWriteReg
0000a9fe   __divi
0000a9fe   __remi
0000aa2a   BSP_Delay
0000aa52   memccpy
0000aa7a   _c_int00
0000aa7a   _c_int00_noexit
0000aaa0   mrfiSpiReadReg
0000aac6   __mpyl
0000aaec   uart_clear_screen
0000ab0e   MRFI_EnableRxAddrFilter
0000ab2e   MRFI_RxOn
0000ab4e   mrfiSpiWriteTxFifo
0000ab6c   BSP_InitBoard
0000ab88   MRFI_GpioIsr
0000aba4   mrfiSpiReadRxFifo
0000abc0   BSP_GpioPort1Isr
0000abf4   strcmp
0000ac0c   MRFI_RandomByte
0000ac22   MRFI_Receive
0000ac4e   __divu
0000ac4e   __remu
0000ac64   strcpy
0000ac7a   MRFI_RxCompleteISR
0000ac8e   memset
0000aca2   __mpyi
0000acb6   uart_putc
0000acca   BSP_InitLeds
0000acee   memcpy
0000ad00   strlen
0000ad12   func_epilog_7
0000ad14   func_epilog_6
0000ad16   func_epilog_5
0000ad18   func_epilog_4
0000ad1a   func_epilog_3
0000ad1c   func_epilog_2
0000ad1e   func_epilog_1
0000ad22   BSP_InitButtons
0000ad2c   BSP_InitDrivers
0000ad36   _system_pre_init
0000ad40   abs
0000ad4a   __fs_neg
0000ad54   C$$EXIT
0000ad54   abort
0000ad58   _nop
0000ad5a   __etext__
0000ad5a   _ctypes_
0000ad5a   etext
0000afb2   mrfiBroadcastAddr
0000afbe   __cinit__
0000afbe   cinit
0000fffe   _reset_vector
ffffffff   __binit__
ffffffff   __c_args__
ffffffff   __pinit__
ffffffff   binit
ffffffff   pinit

[279 symbols]
